Archive member included to satisfy reference by file (symbol)

/home/yangliu/Library/gcc-arm-none-eabi-5_4-2016q3/bin/../lib/gcc/arm-none-eabi/5.4.1/armv7-m/libgcc.a(_arm_muldivsf3.o)
                              ./APP/usart_cmd.o (__aeabi_fdiv)
/home/yangliu/Library/gcc-arm-none-eabi-5_4-2016q3/bin/../lib/gcc/arm-none-eabi/5.4.1/armv7-m/libgcc.a(_arm_fixunssfsi.o)
                              ./APP/usart_cmd.o (__aeabi_f2uiz)
/home/yangliu/Library/gcc-arm-none-eabi-5_4-2016q3/bin/../lib/gcc/arm-none-eabi/5.4.1/../../../../arm-none-eabi/lib/armv7-m/libg_nano.a(lib_a-exit.o)
                              /home/yangliu/Library/gcc-arm-none-eabi-5_4-2016q3/bin/../lib/gcc/arm-none-eabi/5.4.1/../../../../arm-none-eabi/lib/armv7-m/crt0.o (exit)
/home/yangliu/Library/gcc-arm-none-eabi-5_4-2016q3/bin/../lib/gcc/arm-none-eabi/5.4.1/../../../../arm-none-eabi/lib/armv7-m/libg_nano.a(lib_a-fflush.o)
                              ./APP/usart_cmd.o (fflush)
/home/yangliu/Library/gcc-arm-none-eabi-5_4-2016q3/bin/../lib/gcc/arm-none-eabi/5.4.1/../../../../arm-none-eabi/lib/armv7-m/libg_nano.a(lib_a-findfp.o)
                              /home/yangliu/Library/gcc-arm-none-eabi-5_4-2016q3/bin/../lib/gcc/arm-none-eabi/5.4.1/../../../../arm-none-eabi/lib/armv7-m/libg_nano.a(lib_a-fflush.o) (__sinit)
/home/yangliu/Library/gcc-arm-none-eabi-5_4-2016q3/bin/../lib/gcc/arm-none-eabi/5.4.1/../../../../arm-none-eabi/lib/armv7-m/libg_nano.a(lib_a-fwalk.o)
                              /home/yangliu/Library/gcc-arm-none-eabi-5_4-2016q3/bin/../lib/gcc/arm-none-eabi/5.4.1/../../../../arm-none-eabi/lib/armv7-m/libg_nano.a(lib_a-findfp.o) (_fwalk)
/home/yangliu/Library/gcc-arm-none-eabi-5_4-2016q3/bin/../lib/gcc/arm-none-eabi/5.4.1/../../../../arm-none-eabi/lib/armv7-m/libg_nano.a(lib_a-impure.o)
                              /home/yangliu/Library/gcc-arm-none-eabi-5_4-2016q3/bin/../lib/gcc/arm-none-eabi/5.4.1/../../../../arm-none-eabi/lib/armv7-m/libg_nano.a(lib_a-exit.o) (_global_impure_ptr)
/home/yangliu/Library/gcc-arm-none-eabi-5_4-2016q3/bin/../lib/gcc/arm-none-eabi/5.4.1/../../../../arm-none-eabi/lib/armv7-m/libg_nano.a(lib_a-init.o)
                              /home/yangliu/Library/gcc-arm-none-eabi-5_4-2016q3/bin/../lib/gcc/arm-none-eabi/5.4.1/../../../../arm-none-eabi/lib/armv7-m/crt0.o (__libc_init_array)
/home/yangliu/Library/gcc-arm-none-eabi-5_4-2016q3/bin/../lib/gcc/arm-none-eabi/5.4.1/../../../../arm-none-eabi/lib/armv7-m/libg_nano.a(lib_a-memcpy-stub.o)
                              ./Middlewares/Third_Party/FreeRTOS/Source/queue.o (memcpy)
/home/yangliu/Library/gcc-arm-none-eabi-5_4-2016q3/bin/../lib/gcc/arm-none-eabi/5.4.1/../../../../arm-none-eabi/lib/armv7-m/libg_nano.a(lib_a-memset.o)
                              /home/yangliu/Library/gcc-arm-none-eabi-5_4-2016q3/bin/../lib/gcc/arm-none-eabi/5.4.1/../../../../arm-none-eabi/lib/armv7-m/crt0.o (memset)
/home/yangliu/Library/gcc-arm-none-eabi-5_4-2016q3/bin/../lib/gcc/arm-none-eabi/5.4.1/../../../../arm-none-eabi/lib/armv7-m/libg_nano.a(lib_a-nano-freer.o)
                              /home/yangliu/Library/gcc-arm-none-eabi-5_4-2016q3/bin/../lib/gcc/arm-none-eabi/5.4.1/../../../../arm-none-eabi/lib/armv7-m/libg_nano.a(lib_a-fflush.o) (_free_r)
/home/yangliu/Library/gcc-arm-none-eabi-5_4-2016q3/bin/../lib/gcc/arm-none-eabi/5.4.1/../../../../arm-none-eabi/lib/armv7-m/libg_nano.a(lib_a-nano-mallocr.o)
                              /home/yangliu/Library/gcc-arm-none-eabi-5_4-2016q3/bin/../lib/gcc/arm-none-eabi/5.4.1/../../../../arm-none-eabi/lib/armv7-m/libg_nano.a(lib_a-findfp.o) (_malloc_r)
/home/yangliu/Library/gcc-arm-none-eabi-5_4-2016q3/bin/../lib/gcc/arm-none-eabi/5.4.1/../../../../arm-none-eabi/lib/armv7-m/libg_nano.a(lib_a-printf.o)
                              ./APP/usart_cmd.o (printf)
/home/yangliu/Library/gcc-arm-none-eabi-5_4-2016q3/bin/../lib/gcc/arm-none-eabi/5.4.1/../../../../arm-none-eabi/lib/armv7-m/libg_nano.a(lib_a-putchar.o)
                              ./APP/usart_cmd.o (putchar)
/home/yangliu/Library/gcc-arm-none-eabi-5_4-2016q3/bin/../lib/gcc/arm-none-eabi/5.4.1/../../../../arm-none-eabi/lib/armv7-m/libg_nano.a(lib_a-puts.o)
                              ./Drivers/BSP/BSP.o (puts)
/home/yangliu/Library/gcc-arm-none-eabi-5_4-2016q3/bin/../lib/gcc/arm-none-eabi/5.4.1/../../../../arm-none-eabi/lib/armv7-m/libg_nano.a(lib_a-sbrkr.o)
                              /home/yangliu/Library/gcc-arm-none-eabi-5_4-2016q3/bin/../lib/gcc/arm-none-eabi/5.4.1/../../../../arm-none-eabi/lib/armv7-m/libg_nano.a(lib_a-nano-mallocr.o) (_sbrk_r)
/home/yangliu/Library/gcc-arm-none-eabi-5_4-2016q3/bin/../lib/gcc/arm-none-eabi/5.4.1/../../../../arm-none-eabi/lib/armv7-m/libg_nano.a(lib_a-sprintf.o)
                              ./Middlewares/Third_Party/FreeRTOS/Source/tasks.o (sprintf)
/home/yangliu/Library/gcc-arm-none-eabi-5_4-2016q3/bin/../lib/gcc/arm-none-eabi/5.4.1/../../../../arm-none-eabi/lib/armv7-m/libg_nano.a(lib_a-stdio.o)
[...]
Memory Configuration

Name             Origin             Length             Attributes
RAM              0x20000000         0x00005000         xrw
FLASH            0x08000000         0x00010000         xr
*default*        0x00000000         0xffffffff

Linker script and memory map

LOAD /home/yangliu/Library/gcc-arm-none-eabi-5_4-2016q3/bin/../lib/gcc/arm-none-eabi/5.4.1/armv7-m/crti.o
LOAD /home/yangliu/Library/gcc-arm-none-eabi-5_4-2016q3/bin/../lib/gcc/arm-none-eabi/5.4.1/armv7-m/crtbegin.o
LOAD /home/yangliu/Library/gcc-arm-none-eabi-5_4-2016q3/bin/../lib/gcc/arm-none-eabi/5.4.1/../../../../arm-none-eabi/lib/armv7-m/crt0.o
LOAD ./startup/startup_stm32f103xb.o
LOAD ./Src/freertos.o
LOAD ./Src/hardware.o
LOAD ./Src/main.o
LOAD ./Src/stm32f1xx_hal_msp.o
LOAD ./Src/stm32f1xx_hal_timebase_TIM.o
LOAD ./Src/stm32f1xx_it.o
LOAD ./Src/system_stm32f1xx.o
LOAD ./Middlewares/Third_Party/FreeRTOS/Source/portable/MemMang/heap_4.o
LOAD ./Middlewares/Third_Party/FreeRTOS/Source/portable/GCC/ARM_CM3/port.o
LOAD ./Middlewares/Third_Party/FreeRTOS/Source/CMSIS_RTOS/cmsis_os.o
LOAD ./Middlewares/Third_Party/FreeRTOS/Source/croutine.o
LOAD ./Middlewares/Third_Party/FreeRTOS/Source/event_groups.o
LOAD ./Middlewares/Third_Party/FreeRTOS/Source/list.o
LOAD ./Middlewares/Third_Party/FreeRTOS/Source/queue.o
LOAD ./Middlewares/Third_Party/FreeRTOS/Source/tasks.o
LOAD ./Middlewares/Third_Party/FreeRTOS/Source/timers.o
LOAD ./Drivers/STM32F1xx_HAL_Driver/Src/stm32f1xx_hal.o
LOAD ./Drivers/STM32F1xx_HAL_Driver/Src/stm32f1xx_hal_cortex.o
LOAD ./Drivers/STM32F1xx_HAL_Driver/Src/stm32f1xx_hal_dma.o
LOAD ./Drivers/STM32F1xx_HAL_Driver/Src/stm32f1xx_hal_flash.o
LOAD ./Drivers/STM32F1xx_HAL_Driver/Src/stm32f1xx_hal_flash_ex.o
LOAD ./Drivers/STM32F1xx_HAL_Driver/Src/stm32f1xx_hal_gpio.o
LOAD ./Drivers/STM32F1xx_HAL_Driver/Src/stm32f1xx_hal_gpio_ex.o
LOAD ./Drivers/STM32F1xx_HAL_Driver/Src/stm32f1xx_hal_iwdg.o
LOAD ./Drivers/STM32F1xx_HAL_Driver/Src/stm32f1xx_hal_pwr.o
LOAD ./Drivers/STM32F1xx_HAL_Driver/Src/stm32f1xx_hal_rcc.o
LOAD ./Drivers/STM32F1xx_HAL_Driver/Src/stm32f1xx_hal_rcc_ex.o
LOAD ./Drivers/STM32F1xx_HAL_Driver/Src/stm32f1xx_hal_spi.o
LOAD ./Drivers/STM32F1xx_HAL_Driver/Src/stm32f1xx_hal_spi_ex.o
LOAD ./Drivers/STM32F1xx_HAL_Driver/Src/stm32f1xx_hal_tim.o
LOAD ./Drivers/STM32F1xx_HAL_Driver/Src/stm32f1xx_hal_tim_ex.o
LOAD ./Drivers/STM32F1xx_HAL_Driver/Src/stm32f1xx_hal_uart.o
LOAD ./Drivers/BSP/BSP.o
LOAD ./Drivers/BSP/console.o
LOAD ./Drivers/BSP/enc28j60.o
LOAD ./APP/app.o
LOAD ./APP/light.o
LOAD ./APP/usart_cmd.o
LOAD /home/yangliu/Library/gcc-arm-none-eabi-5_4-2016q3/bin/../lib/gcc/arm-none-eabi/5.4.1/../../../../arm-none-eabi/lib/armv7-m/libstdc++_nano.a
LOAD /home/yangliu/Library/gcc-arm-none-eabi-5_4-2016q3/bin/../lib/gcc/arm-none-eabi/5.4.1/../../../../arm-none-eabi/lib/armv7-m/libm.a
START GROUP
LOAD /home/yangliu/Library/gcc-arm-none-eabi-5_4-2016q3/bin/../lib/gcc/arm-none-eabi/5.4.1/armv7-m/libgcc.a
LOAD /home/yangliu/Library/gcc-arm-none-eabi-5_4-2016q3/bin/../lib/gcc/arm-none-eabi/5.4.1/../../../../arm-none-eabi/lib/armv7-m/libg_nano.a
LOAD /home/yangliu/Library/gcc-arm-none-eabi-5_4-2016q3/bin/../lib/gcc/arm-none-eabi/5.4.1/../../../../arm-none-eabi/lib/armv7-m/libc_nano.a
END GROUP
START GROUP
LOAD /home/yangliu/Library/gcc-arm-none-eabi-5_4-2016q3/bin/../lib/gcc/arm-none-eabi/5.4.1/armv7-m/libgcc.a
LOAD /home/yangliu/Library/gcc-arm-none-eabi-5_4-2016q3/bin/../lib/gcc/arm-none-eabi/5.4.1/../../../../arm-none-eabi/lib/armv7-m/libc_nano.a
END GROUP
LOAD /home/yangliu/Library/gcc-arm-none-eabi-5_4-2016q3/bin/../lib/gcc/arm-none-eabi/5.4.1/armv7-m/crtend.o
LOAD /home/yangliu/Library/gcc-arm-none-eabi-5_4-2016q3/bin/../lib/gcc/arm-none-eabi/5.4.1/armv7-m/crtn.o
                0x20005000                _estack = 0x20005000
                0x00000400                _Min_Heap_Size = 0x400
                0x00000800                _Min_Stack_Size = 0x800

.isr_vector     0x08000000      0x10c
                0x08000000                . = ALIGN (0x4)
 *(.isr_vector)
 .isr_vector    0x08000000      0x10c ./startup/startup_stm32f103xb.o
                0x08000000                g_pfnVectors
                0x0800010c                . = ALIGN (0x4)

.text           0x0800010c     0x7dc0
                0x0800010c                . = ALIGN (0x4)
 *(.text)
 .text          0x0800010c       0x5c /home/yangliu/Library/gcc-arm-none-eabi-5_4-2016q3/bin/../lib/gcc/arm-none-eabi/5.4.1/armv7-m/crtbegin.o
 .text          0x08000168      0x2a0 /home/yangliu/Library/gcc-arm-none-eabi-5_4-2016q3/bin/../lib/gcc/arm-none-eabi/5.4.1/armv7-m/libgcc.a(_arm_muldivsf3.o)
                0x08000168                __mulsf3
                0x08000168                __aeabi_fmul
                0x080002d0                __divsf3
                0x080002d0                __aeabi_fdiv
 .text          0x08000408       0x40 /home/yangliu/Library/gcc-arm-none-eabi-5_4-2016q3/bin/../lib/gcc/arm-none-eabi/5.4.1/armv7-m/libgcc.a(_arm_fixunssfsi.o)
                0x08000408                __aeabi_f2uiz
                0x08000408                __fixunssfsi
 .text          0x08000448       0x10 /home/yangliu/Library/gcc-arm-none-eabi-5_4-2016q3/bin/../lib/gcc/arm-none-eabi/5.4.1/../../../../arm-none-eabi/lib/armv7-m/libg_nano.a(lib_a-strlen.o)
                0x08000448                strlen
 *(.text*)
 .text.Reset_Handler
                0x08000458       0x48 ./startup/startup_stm32f103xb.o
                0x08000458                Reset_Handler
 .text.Default_Handler
                0x080004a0        0x2 ./startup/startup_stm32f103xb.o
                0x080004a0                RTC_Alarm_IRQHandler
                0x080004a0                EXTI2_IRQHandler
                0x080004a0                TIM1_CC_IRQHandler
                0x080004a0                PVD_IRQHandler
                0x080004a0                EXTI3_IRQHandler
                0x080004a0                EXTI0_IRQHandler
                0x080004a0                I2C2_EV_IRQHandler
                0x080004a0                ADC1_2_IRQHandler
                0x080004a0                SPI1_IRQHandler
                0x080004a0                TAMPER_IRQHandler
                0x080004a0                DMA1_Channel4_IRQHandler
                0x080004a0                USART3_IRQHandler
                0x080004a0                RTC_IRQHandler
                0x080004a0                DMA1_Channel7_IRQHandler
                0x080004a0                CAN1_RX1_IRQHandler
                0x080004a0                TIM4_IRQHandler
                0x080004a0                I2C1_EV_IRQHandler
                0x080004a0                DMA1_Channel6_IRQHandler
                0x080004a0                RCC_IRQHandler
                0x080004a0                TIM1_TRG_COM_IRQHandler
                0x080004a0                DMA1_Channel1_IRQHandler
                0x080004a0                Default_Handler
                0x080004a0                EXTI15_10_IRQHandler
                0x080004a0                EXTI9_5_IRQHandler
                0x080004a0                SPI2_IRQHandler
                0x080004a0                EXTI4_IRQHandler
                0x080004a0                USB_LP_CAN1_RX0_IRQHandler
                0x080004a0                USB_HP_CAN1_TX_IRQHandler
                0x080004a0                DMA1_Channel3_IRQHandler
                0x080004a0                TIM1_UP_IRQHandler
                0x080004a0                WWDG_IRQHandler
                0x080004a0                TIM2_IRQHandler
                0x080004a0                TIM1_BRK_IRQHandler
                0x080004a0                EXTI1_IRQHandler
                0x080004a0                USART2_IRQHandler
                0x080004a0                I2C2_ER_IRQHandler
                0x080004a0                DMA1_Channel2_IRQHandler
                0x080004a0                CAN1_SCE_IRQHandler
                0x080004a0                FLASH_IRQHandler
                0x080004a0                I2C1_ER_IRQHandler
                0x080004a0                USBWakeUp_IRQHandler
 *fill*         0x080004a2        0x2 
 .text.SystemClock_Config
                0x080004a4       0x9c ./Src/hardware.o
 .text.MX_IWDG_Init
                0x08000540       0x34 ./Src/hardware.o
 .text.MX_SPI2_Init
                0x08000574       0x6c ./Src/hardware.o
 .text.MX_TIM4_Init
                0x080005e0       0x80 ./Src/hardware.o
 .text.MX_USART1_UART_Init
                0x08000660       0x54 ./Src/hardware.o
 .text.MX_USART2_UART_Init
                0x080006b4       0x54 ./Src/hardware.o
 .text.MX_USART3_UART_Init
                0x08000708       0x54 ./Src/hardware.o
 .text.MX_GPIO_Init
                0x0800075c       0xe8 ./Src/hardware.o
 .text.MX_DMA_Init
                0x08000844       0x3c ./Src/hardware.o
 .text.Hardware_Init
                0x08000880       0x30 ./Src/hardware.o
                0x08000880                Hardware_Init
 .text.Error_Handler
                0x080008b0        0x8 ./Src/hardware.o
                0x080008b0                Error_Handler
 .text.delay_us
                0x080008b8       0x38 ./Src/hardware.o
                0x080008b8                delay_us
 .text.delay_ms
                0x080008f0       0x2c ./Src/hardware.o
                0x080008f0                delay_ms
 .text.main     0x0800091c       0x3c ./Src/main.o
                0x0800091c                main
 .text.StartDefaultTask
                0x08000958       0x10 ./Src/main.o
                0x08000958                StartDefaultTask
 .text.HAL_MspInit
                0x08000968       0x98 ./Src/stm32f1xx_hal_msp.o
                0x08000968                HAL_MspInit
 .text.HAL_SPI_MspInit
                0x08000a00       0x74 ./Src/stm32f1xx_hal_msp.o
                0x08000a00                HAL_SPI_MspInit
 .text.HAL_TIM_Base_MspInit
                0x08000a74       0x3c ./Src/stm32f1xx_hal_msp.o
                0x08000a74                HAL_TIM_Base_MspInit
 .text.HAL_UART_MspInit
                0x08000ab0      0x1a4 ./Src/stm32f1xx_hal_msp.o
                0x08000ab0                HAL_UART_MspInit
 .text.HAL_InitTick
                0x08000c54       0xb0 ./Src/stm32f1xx_hal_timebase_TIM.o
                0x08000c54                HAL_InitTick
 .text.HAL_TIM_PeriodElapsedCallback
                0x08000d04       0x24 ./Src/stm32f1xx_hal_timebase_TIM.o
                0x08000d04                HAL_TIM_PeriodElapsedCallback
 .text.vConfigureTimerForRunTimeStats
                0x08000d28       0x70 ./Src/stm32f1xx_hal_timebase_TIM.o
                0x08000d28                vConfigureTimerForRunTimeStats
 .text.vGetTimerForRunTimeStats
                0x08000d98       0x1c ./Src/stm32f1xx_hal_timebase_TIM.o
                0x08000d98                vGetTimerForRunTimeStats
 .text.NMI_Handler
                0x08000db4        0xc ./Src/stm32f1xx_it.o
                0x08000db4                NMI_Handler
 .text.HardFault_Handler
                0x08000dc0        0x8 ./Src/stm32f1xx_it.o
                0x08000dc0                HardFault_Handler
 .text.MemManage_Handler
                0x08000dc8        0x8 ./Src/stm32f1xx_it.o
                0x08000dc8                MemManage_Handler
 .text.BusFault_Handler
                0x08000dd0        0x8 ./Src/stm32f1xx_it.o
                0x08000dd0                BusFault_Handler
 .text.UsageFault_Handler
                0x08000dd8        0x8 ./Src/stm32f1xx_it.o
                0x08000dd8                UsageFault_Handler
 .text.DebugMon_Handler
                0x08000de0        0xc ./Src/stm32f1xx_it.o
                0x08000de0                DebugMon_Handler
 .text.SysTick_Handler
                0x08000dec        0xc ./Src/stm32f1xx_it.o
                0x08000dec                SysTick_Handler
 .text.TIM3_IRQHandler
                0x08000df8       0x14 ./Src/stm32f1xx_it.o
                0x08000df8                TIM3_IRQHandler
 .text.DMA1_Channel5_IRQHandler
                0x08000e0c       0x14 ./Src/stm32f1xx_it.o
                0x08000e0c                DMA1_Channel5_IRQHandler
 .text.USART1_IRQHandler
                0x08000e20        0xc ./Src/stm32f1xx_it.o
                0x08000e20                USART1_IRQHandler
 .text.SystemInit
                0x08000e2c       0x68 ./Src/system_stm32f1xx.o
                0x08000e2c                SystemInit
 .text.pvPortMalloc
                0x08000e94      0x158 ./Middlewares/Third_Party/FreeRTOS/Source/portable/MemMang/heap_4.o
                0x08000e94                pvPortMalloc
 .text.vPortFree
                0x08000fec       0x94 ./Middlewares/Third_Party/FreeRTOS/Source/portable/MemMang/heap_4.o
                0x08000fec                vPortFree
 .text.prvHeapInit
                0x08001080       0xc4 ./Middlewares/Third_Party/FreeRTOS/Source/portable/MemMang/heap_4.o
 .text.prvInsertBlockIntoFreeList
                0x08001144       0xb0 ./Middlewares/Third_Party/FreeRTOS/Source/portable/MemMang/heap_4.o
 .text.pxPortInitialiseStack
                0x080011f4       0x54 ./Middlewares/Third_Party/FreeRTOS/Source/portable/GCC/ARM_CM3/port.o
                0x080011f4                pxPortInitialiseStack
 .text.prvTaskExitError
                0x08001248       0x20 ./Middlewares/Third_Party/FreeRTOS/Source/portable/GCC/ARM_CM3/port.o
 .text.SVC_Handler
                0x08001268       0x28 ./Middlewares/Third_Party/FreeRTOS/Source/portable/GCC/ARM_CM3/port.o
                0x08001268                SVC_Handler
 .text.prvPortStartFirstTask
                0x08001290       0x20 ./Middlewares/Third_Party/FreeRTOS/Source/portable/GCC/ARM_CM3/port.o
 .text.xPortStartScheduler
                0x080012b0       0xbc ./Middlewares/Third_Party/FreeRTOS/Source/portable/GCC/ARM_CM3/port.o
                0x080012b0                xPortStartScheduler
 .text.vPortYield
                0x0800136c       0x20 ./Middlewares/Third_Party/FreeRTOS/Source/portable/GCC/ARM_CM3/port.o
                0x0800136c                vPortYield
 .text.vPortEnterCritical
                0x0800138c       0x40 ./Middlewares/Third_Party/FreeRTOS/Source/portable/GCC/ARM_CM3/port.o
                0x0800138c                vPortEnterCritical
 .text.vPortExitCritical
                0x080013cc       0x34 ./Middlewares/Third_Party/FreeRTOS/Source/portable/GCC/ARM_CM3/port.o
                0x080013cc                vPortExitCritical
 .text.ulPortSetInterruptMask
                0x08001400       0x14 ./Middlewares/Third_Party/FreeRTOS/Source/portable/GCC/ARM_CM3/port.o
                0x08001400                ulPortSetInterruptMask
 .text.vPortClearInterruptMask
                0x08001414        0x8 ./Middlewares/Third_Party/FreeRTOS/Source/portable/GCC/ARM_CM3/port.o
                0x08001414                vPortClearInterruptMask
 .text.PendSV_Handler
                0x0800141c       0x48 ./Middlewares/Third_Party/FreeRTOS/Source/portable/GCC/ARM_CM3/port.o
                0x0800141c                PendSV_Handler
 .text.xPortSysTickHandler
                0x08001464       0x28 ./Middlewares/Third_Party/FreeRTOS/Source/portable/GCC/ARM_CM3/port.o
                0x08001464                xPortSysTickHandler
 .text.vPortSetupTimerInterrupt
                0x0800148c       0x34 ./Middlewares/Third_Party/FreeRTOS/Source/portable/GCC/ARM_CM3/port.o
                0x0800148c                vPortSetupTimerInterrupt
 .text.makeFreeRtosPriority
                0x080014c0       0x30 ./Middlewares/Third_Party/FreeRTOS/Source/CMSIS_RTOS/cmsis_os.o
 .text.osKernelStart
                0x080014f0       0x10 ./Middlewares/Third_Party/FreeRTOS/Source/CMSIS_RTOS/cmsis_os.o
                0x080014f0                osKernelStart
 .text.osThreadCreate
                0x08001500       0x58 ./Middlewares/Third_Party/FreeRTOS/Source/CMSIS_RTOS/cmsis_os.o
                0x08001500                osThreadCreate
 .text.osDelay  0x08001558       0x28 ./Middlewares/Third_Party/FreeRTOS/Source/CMSIS_RTOS/cmsis_os.o
                0x08001558                osDelay
 .text.osSystickHandler
                0x08001580       0x18 ./Middlewares/Third_Party/FreeRTOS/Source/CMSIS_RTOS/cmsis_os.o
                0x08001580                osSystickHandler
 .text.vListInitialise
                0x08001598       0x40 ./Middlewares/Third_Party/FreeRTOS/Source/list.o
                0x08001598                vListInitialise
 .text.vListInitialiseItem
                0x080015d8       0x18 ./Middlewares/Third_Party/FreeRTOS/Source/list.o
                0x080015d8                vListInitialiseItem
 .text.vListInsertEnd
                0x080015f0       0x48 ./Middlewares/Third_Party/FreeRTOS/Source/list.o
                0x080015f0                vListInsertEnd
 .text.vListInsert
                0x08001638       0x70 ./Middlewares/Third_Party/FreeRTOS/Source/list.o
                0x08001638                vListInsert
 .text.uxListRemove
                0x080016a8       0x54 ./Middlewares/Third_Party/FreeRTOS/Source/list.o
                0x080016a8                uxListRemove
 .text.xTaskGenericCreate
                0x080016fc      0x164 ./Middlewares/Third_Party/FreeRTOS/Source/tasks.o
                0x080016fc                xTaskGenericCreate
 .text.vTaskDelay
                0x08001860       0x88 ./Middlewares/Third_Party/FreeRTOS/Source/tasks.o
                0x08001860                vTaskDelay
 .text.vTaskStartScheduler
                0x080018e8       0x74 ./Middlewares/Third_Party/FreeRTOS/Source/tasks.o
                0x080018e8                vTaskStartScheduler
 .text.vTaskSuspendAll
                0x0800195c       0x1c ./Middlewares/Third_Party/FreeRTOS/Source/tasks.o
                0x0800195c                vTaskSuspendAll
 .text.xTaskResumeAll
                0x08001978      0x108 ./Middlewares/Third_Party/FreeRTOS/Source/tasks.o
                0x08001978                xTaskResumeAll
 .text.uxTaskGetSystemState
                0x08001a80       0xf8 ./Middlewares/Third_Party/FreeRTOS/Source/tasks.o
                0x08001a80                uxTaskGetSystemState
 .text.xTaskIncrementTick
                0x08001b78      0x16c ./Middlewares/Third_Party/FreeRTOS/Source/tasks.o
                0x08001b78                xTaskIncrementTick
 .text.vTaskSwitchContext
                0x08001ce4       0xdc ./Middlewares/Third_Party/FreeRTOS/Source/tasks.o
                0x08001ce4                vTaskSwitchContext
 .text.prvIdleTask
                0x08001dc0       0x20 ./Middlewares/Third_Party/FreeRTOS/Source/tasks.o
 .text.prvInitialiseTCBVariables
                0x08001de0       0xb4 ./Middlewares/Third_Party/FreeRTOS/Source/tasks.o
 .text.prvInitialiseTaskLists
                0x08001e94       0x80 ./Middlewares/Third_Party/FreeRTOS/Source/tasks.o
 .text.prvCheckTasksWaitingTermination
                0x08001f14       0x78 ./Middlewares/Third_Party/FreeRTOS/Source/tasks.o
 .text.prvAddCurrentTaskToDelayedList
                0x08001f8c       0x6c ./Middlewares/Third_Party/FreeRTOS/Source/tasks.o
 .text.prvAllocateTCBAndStack
                0x08001ff8       0x6c ./Middlewares/Third_Party/FreeRTOS/Source/tasks.o
 .text.prvListTaskWithinSingleList
                0x08002064      0x118 ./Middlewares/Third_Party/FreeRTOS/Source/tasks.o
 .text.prvTaskCheckFreeStackSpace
                0x0800217c       0x38 ./Middlewares/Third_Party/FreeRTOS/Source/tasks.o
 .text.prvDeleteTCB
                0x080021b4       0x20 ./Middlewares/Third_Party/FreeRTOS/Source/tasks.o
 .text.prvResetNextTaskUnblockTime
                0x080021d4       0x48 ./Middlewares/Third_Party/FreeRTOS/Source/tasks.o
 .text.xTaskGetSchedulerState
                0x0800221c       0x3c ./Middlewares/Third_Party/FreeRTOS/Source/tasks.o
                0x0800221c                xTaskGetSchedulerState
 .text.prvWriteNameToBuffer
                0x08002258       0x4c ./Middlewares/Third_Party/FreeRTOS/Source/tasks.o
 .text.vTaskList
                0x080022a4       0xfc ./Middlewares/Third_Party/FreeRTOS/Source/tasks.o
                0x080022a4                vTaskList
 .text.vTaskGetRunTimeStats
                0x080023a0       0xe4 ./Middlewares/Third_Party/FreeRTOS/Source/tasks.o
                0x080023a0                vTaskGetRunTimeStats
 .text.HAL_Init
                0x08002484       0x2c ./Drivers/STM32F1xx_HAL_Driver/Src/stm32f1xx_hal.o
                0x08002484                HAL_Init
 .text.HAL_IncTick
                0x080024b0       0x1c ./Drivers/STM32F1xx_HAL_Driver/Src/stm32f1xx_hal.o
                0x080024b0                HAL_IncTick
 .text.HAL_GetTick
                0x080024cc       0x14 ./Drivers/STM32F1xx_HAL_Driver/Src/stm32f1xx_hal.o
                0x080024cc                HAL_GetTick
 .text.HAL_Delay
                0x080024e0       0x2c ./Drivers/STM32F1xx_HAL_Driver/Src/stm32f1xx_hal.o
                0x080024e0                HAL_Delay
 .text.NVIC_SetPriorityGrouping
                0x0800250c       0x48 ./Drivers/STM32F1xx_HAL_Driver/Src/stm32f1xx_hal_cortex.o
 .text.NVIC_GetPriorityGrouping
                0x08002554       0x1c ./Drivers/STM32F1xx_HAL_Driver/Src/stm32f1xx_hal_cortex.o
 .text.NVIC_EnableIRQ
                0x08002570       0x30 ./Drivers/STM32F1xx_HAL_Driver/Src/stm32f1xx_hal_cortex.o
 .text.NVIC_SetPriority
                0x080025a0       0x54 ./Drivers/STM32F1xx_HAL_Driver/Src/stm32f1xx_hal_cortex.o
 .text.NVIC_EncodePriority
                0x080025f4       0x60 ./Drivers/STM32F1xx_HAL_Driver/Src/stm32f1xx_hal_cortex.o
 .text.NVIC_SystemReset
                0x08002654       0x28 ./Drivers/STM32F1xx_HAL_Driver/Src/stm32f1xx_hal_cortex.o
 .text.SysTick_Config
                0x0800267c       0x44 ./Drivers/STM32F1xx_HAL_Driver/Src/stm32f1xx_hal_cortex.o
 .text.HAL_NVIC_SetPriorityGrouping
                0x080026c0       0x18 ./Drivers/STM32F1xx_HAL_Driver/Src/stm32f1xx_hal_cortex.o
                0x080026c0                HAL_NVIC_SetPriorityGrouping
 .text.HAL_NVIC_SetPriority
                0x080026d8       0x38 ./Drivers/STM32F1xx_HAL_Driver/Src/stm32f1xx_hal_cortex.o
                0x080026d8                HAL_NVIC_SetPriority
 .text.HAL_NVIC_EnableIRQ
                0x08002710       0x1c ./Drivers/STM32F1xx_HAL_Driver/Src/stm32f1xx_hal_cortex.o
                0x08002710                HAL_NVIC_EnableIRQ
 .text.HAL_NVIC_SystemReset
                0x0800272c        0xc ./Drivers/STM32F1xx_HAL_Driver/Src/stm32f1xx_hal_cortex.o
                0x0800272c                HAL_NVIC_SystemReset
 .text.HAL_SYSTICK_Config
                0x08002738       0x18 ./Drivers/STM32F1xx_HAL_Driver/Src/stm32f1xx_hal_cortex.o
                0x08002738                HAL_SYSTICK_Config
 .text.HAL_SYSTICK_CLKSourceConfig
                0x08002750       0x38 ./Drivers/STM32F1xx_HAL_Driver/Src/stm32f1xx_hal_cortex.o
                0x08002750                HAL_SYSTICK_CLKSourceConfig
 .text.HAL_DMA_Init
                0x08002788       0x94 ./Drivers/STM32F1xx_HAL_Driver/Src/stm32f1xx_hal_dma.o
                0x08002788                HAL_DMA_Init
 .text.HAL_DMA_Start_IT
                0x0800281c       0x94 ./Drivers/STM32F1xx_HAL_Driver/Src/stm32f1xx_hal_dma.o
                0x0800281c                HAL_DMA_Start_IT
 .text.HAL_DMA_Abort
                0x080028b0       0x7c ./Drivers/STM32F1xx_HAL_Driver/Src/stm32f1xx_hal_dma.o
                0x080028b0                HAL_DMA_Abort
 .text.HAL_DMA_IRQHandler
                0x0800292c      0x3e0 ./Drivers/STM32F1xx_HAL_Driver/Src/stm32f1xx_hal_dma.o
                0x0800292c                HAL_DMA_IRQHandler
 .text.DMA_SetConfig
                0x08002d0c       0x4c ./Drivers/STM32F1xx_HAL_Driver/Src/stm32f1xx_hal_dma.o
 .text.HAL_GPIO_Init
                0x08002d58      0x2bc ./Drivers/STM32F1xx_HAL_Driver/Src/stm32f1xx_hal_gpio.o
                0x08002d58                HAL_GPIO_Init
 .text.HAL_GPIO_WritePin
                0x08003014       0x30 ./Drivers/STM32F1xx_HAL_Driver/Src/stm32f1xx_hal_gpio.o
                0x08003014                HAL_GPIO_WritePin
 .text.HAL_IWDG_Init
                0x08003044       0x98 ./Drivers/STM32F1xx_HAL_Driver/Src/stm32f1xx_hal_iwdg.o
                0x08003044                HAL_IWDG_Init
 .text.HAL_IWDG_MspInit
                0x080030dc       0x14 ./Drivers/STM32F1xx_HAL_Driver/Src/stm32f1xx_hal_iwdg.o
                0x080030dc                HAL_IWDG_MspInit
 .text.HAL_RCC_OscConfig
                0x080030f0      0xe40 ./Drivers/STM32F1xx_HAL_Driver/Src/stm32f1xx_hal_rcc.o
                0x080030f0                HAL_RCC_OscConfig
 .text.HAL_RCC_ClockConfig
                0x08003f30      0x378 ./Drivers/STM32F1xx_HAL_Driver/Src/stm32f1xx_hal_rcc.o
                0x08003f30                HAL_RCC_ClockConfig
 .text.HAL_RCC_GetSysClockFreq
                0x080042a8       0xf4 ./Drivers/STM32F1xx_HAL_Driver/Src/stm32f1xx_hal_rcc.o
                0x080042a8                HAL_RCC_GetSysClockFreq
 .text.HAL_RCC_GetHCLKFreq
                0x0800439c       0x14 ./Drivers/STM32F1xx_HAL_Driver/Src/stm32f1xx_hal_rcc.o
                0x0800439c                HAL_RCC_GetHCLKFreq
 .text.HAL_RCC_GetPCLK1Freq
                0x080043b0       0x44 ./Drivers/STM32F1xx_HAL_Driver/Src/stm32f1xx_hal_rcc.o
                0x080043b0                HAL_RCC_GetPCLK1Freq
 .text.HAL_RCC_GetPCLK2Freq
                0x080043f4       0x44 ./Drivers/STM32F1xx_HAL_Driver/Src/stm32f1xx_hal_rcc.o
                0x080043f4                HAL_RCC_GetPCLK2Freq
 .text.HAL_RCC_GetClockConfig
                0x08004438       0x60 ./Drivers/STM32F1xx_HAL_Driver/Src/stm32f1xx_hal_rcc.o
                0x08004438                HAL_RCC_GetClockConfig
 .text.HAL_SPI_Transmit
                0x08004498      0x280 ./Drivers/STM32F1xx_HAL_Driver/Src/stm32f1xx_hal_spi.o
                0x08004498                HAL_SPI_Transmit
 .text.HAL_SPI_Receive
                0x08004718      0x31c ./Drivers/STM32F1xx_HAL_Driver/Src/stm32f1xx_hal_spi.o
                0x08004718                HAL_SPI_Receive
 .text.HAL_SPI_TransmitReceive
                0x08004a34      0x498 ./Drivers/STM32F1xx_HAL_Driver/Src/stm32f1xx_hal_spi.o
                0x08004a34                HAL_SPI_TransmitReceive
 .text.SPI_WaitOnFlagUntilTimeout
                0x08004ecc      0x148 ./Drivers/STM32F1xx_HAL_Driver/Src/stm32f1xx_hal_spi.o
 .text.HAL_SPI_Init
                0x08005014       0xcc ./Drivers/STM32F1xx_HAL_Driver/Src/stm32f1xx_hal_spi_ex.o
                0x08005014                HAL_SPI_Init
 .text.SPI_ISCRCErrorValid
                0x080050e0       0x14 ./Drivers/STM32F1xx_HAL_Driver/Src/stm32f1xx_hal_spi_ex.o
                0x080050e0                SPI_ISCRCErrorValid
 .text.HAL_TIM_Base_Init
                0x080050f4       0x58 ./Drivers/STM32F1xx_HAL_Driver/Src/stm32f1xx_hal_tim.o
                0x080050f4                HAL_TIM_Base_Init
 .text.HAL_TIM_Base_Start
                0x0800514c       0x34 ./Drivers/STM32F1xx_HAL_Driver/Src/stm32f1xx_hal_tim.o
                0x0800514c                HAL_TIM_Base_Start
 .text.HAL_TIM_Base_Stop
                0x08005180       0x54 ./Drivers/STM32F1xx_HAL_Driver/Src/stm32f1xx_hal_tim.o
                0x08005180                HAL_TIM_Base_Stop
 .text.HAL_TIM_Base_Start_IT
                0x080051d4       0x34 ./Drivers/STM32F1xx_HAL_Driver/Src/stm32f1xx_hal_tim.o
                0x080051d4                HAL_TIM_Base_Start_IT
 .text.HAL_TIM_IRQHandler
                0x08005208      0x210 ./Drivers/STM32F1xx_HAL_Driver/Src/stm32f1xx_hal_tim.o
                0x08005208                HAL_TIM_IRQHandler
 .text.HAL_TIM_ConfigClockSource
                0x08005418      0x1b8 ./Drivers/STM32F1xx_HAL_Driver/Src/stm32f1xx_hal_tim.o
                0x08005418                HAL_TIM_ConfigClockSource
 .text.HAL_TIM_OC_DelayElapsedCallback
                0x080055d0       0x14 ./Drivers/STM32F1xx_HAL_Driver/Src/stm32f1xx_hal_tim.o
                0x080055d0                HAL_TIM_OC_DelayElapsedCallback
 .text.HAL_TIM_IC_CaptureCallback
                0x080055e4       0x14 ./Drivers/STM32F1xx_HAL_Driver/Src/stm32f1xx_hal_tim.o
                0x080055e4                HAL_TIM_IC_CaptureCallback
 .text.HAL_TIM_PWM_PulseFinishedCallback
                0x080055f8       0x14 ./Drivers/STM32F1xx_HAL_Driver/Src/stm32f1xx_hal_tim.o
                0x080055f8                HAL_TIM_PWM_PulseFinishedCallback
 .text.HAL_TIM_TriggerCallback
                0x0800560c       0x14 ./Drivers/STM32F1xx_HAL_Driver/Src/stm32f1xx_hal_tim.o
                0x0800560c                HAL_TIM_TriggerCallback
 .text.TIM_Base_SetConfig
                0x08005620       0xbc ./Drivers/STM32F1xx_HAL_Driver/Src/stm32f1xx_hal_tim.o
                0x08005620                TIM_Base_SetConfig
 .text.TIM_TI1_ConfigInputStage
                0x080056dc       0x64 ./Drivers/STM32F1xx_HAL_Driver/Src/stm32f1xx_hal_tim.o
 .text.TIM_TI2_ConfigInputStage
                0x08005740       0x68 ./Drivers/STM32F1xx_HAL_Driver/Src/stm32f1xx_hal_tim.o
 .text.TIM_ITRx_SetConfig
                0x080057a8       0x40 ./Drivers/STM32F1xx_HAL_Driver/Src/stm32f1xx_hal_tim.o
 .text.TIM_ETR_SetConfig
                0x080057e8       0x44 ./Drivers/STM32F1xx_HAL_Driver/Src/stm32f1xx_hal_tim.o
 .text.HAL_TIMEx_MasterConfigSynchronization
                0x0800582c       0x88 ./Drivers/STM32F1xx_HAL_Driver/Src/stm32f1xx_hal_tim_ex.o
                0x0800582c                HAL_TIMEx_MasterConfigSynchronization
 .text.HAL_TIMEx_CommutationCallback
                0x080058b4       0x14 ./Drivers/STM32F1xx_HAL_Driver/Src/stm32f1xx_hal_tim_ex.o
                0x080058b4                HAL_TIMEx_CommutationCallback
 .text.HAL_TIMEx_BreakCallback
                0x080058c8       0x14 ./Drivers/STM32F1xx_HAL_Driver/Src/stm32f1xx_hal_tim_ex.o
                0x080058c8                HAL_TIMEx_BreakCallback
 .text.HAL_UART_Init
                0x080058dc       0x94 ./Drivers/STM32F1xx_HAL_Driver/Src/stm32f1xx_hal_uart.o
                0x080058dc                HAL_UART_Init
 .text.HAL_UART_Transmit
                0x08005970      0x150 ./Drivers/STM32F1xx_HAL_Driver/Src/stm32f1xx_hal_uart.o
                0x08005970                HAL_UART_Transmit
 .text.HAL_UART_Receive_DMA
                0x08005ac0       0xe4 ./Drivers/STM32F1xx_HAL_Driver/Src/stm32f1xx_hal_uart.o
                0x08005ac0                HAL_UART_Receive_DMA
 .text.HAL_UART_DMAStop
                0x08005ba4       0x50 ./Drivers/STM32F1xx_HAL_Driver/Src/stm32f1xx_hal_uart.o
                0x08005ba4                HAL_UART_DMAStop
 .text.HAL_UART_RxCpltCallback
                0x08005bf4       0x14 ./Drivers/STM32F1xx_HAL_Driver/Src/stm32f1xx_hal_uart.o
                0x08005bf4                HAL_UART_RxCpltCallback
 .text.HAL_UART_RxHalfCpltCallback
                0x08005c08       0x14 ./Drivers/STM32F1xx_HAL_Driver/Src/stm32f1xx_hal_uart.o
                0x08005c08                HAL_UART_RxHalfCpltCallback
 .text.HAL_UART_ErrorCallback
                0x08005c1c       0x14 ./Drivers/STM32F1xx_HAL_Driver/Src/stm32f1xx_hal_uart.o
                0x08005c1c                HAL_UART_ErrorCallback
 .text.UART_DMAReceiveCplt
                0x08005c30       0x60 ./Drivers/STM32F1xx_HAL_Driver/Src/stm32f1xx_hal_uart.o
 .text.UART_DMARxHalfCplt
                0x08005c90       0x1c ./Drivers/STM32F1xx_HAL_Driver/Src/stm32f1xx_hal_uart.o
 .text.UART_DMAError
                0x08005cac       0x3c ./Drivers/STM32F1xx_HAL_Driver/Src/stm32f1xx_hal_uart.o
 .text.UART_WaitOnFlagUntilTimeout
                0x08005ce8      0x134 ./Drivers/STM32F1xx_HAL_Driver/Src/stm32f1xx_hal_uart.o
 .text.UART_SetConfig
                0x08005e1c      0x22c ./Drivers/STM32F1xx_HAL_Driver/Src/stm32f1xx_hal_uart.o
 .text.BSP_Init
                0x08006048       0x70 ./Drivers/BSP/BSP.o
                0x08006048                BSP_Init
 .text.console_init
                0x080060b8       0x64 ./Drivers/BSP/console.o
                0x080060b8                console_init
 .text.Console_IRQ
                0x0800611c      0x15c ./Drivers/BSP/console.o
                0x0800611c                Console_IRQ
 .text._sbrk    0x08006278       0x3c ./Drivers/BSP/console.o
                0x08006278                _sbrk
 .text._close   0x080062b4       0x18 ./Drivers/BSP/console.o
                0x080062b4                _close
 .text._fstat   0x080062cc       0x20 ./Drivers/BSP/console.o
                0x080062cc                _fstat
 .text._isatty  0x080062ec       0x14 ./Drivers/BSP/console.o
                0x080062ec                _isatty
 .text._lseek   0x08006300       0x18 ./Drivers/BSP/console.o
                0x08006300                _lseek
 .text._read    0x08006318       0x18 ./Drivers/BSP/console.o
                0x08006318                _read
 .text._write   0x08006330       0x2c ./Drivers/BSP/console.o
                0x08006330                _write
 .text.ENC28J60_Reset
                0x0800635c       0x38 ./Drivers/BSP/enc28j60.o
                0x0800635c                ENC28J60_Reset
 .text.ENC28J60_Read_Op
                0x08006394       0x88 ./Drivers/BSP/enc28j60.o
                0x08006394                ENC28J60_Read_Op
 .text.ENC28J60_Write_Op
                0x0800641c       0x74 ./Drivers/BSP/enc28j60.o
                0x0800641c                ENC28J60_Write_Op
 .text.ENC28J60_Set_Bank
                0x08006490       0x50 ./Drivers/BSP/enc28j60.o
                0x08006490                ENC28J60_Set_Bank
 .text.ENC28J60_Read
                0x080064e0       0x28 ./Drivers/BSP/enc28j60.o
                0x080064e0                ENC28J60_Read
 .text.ENC28J60_Write
                0x08006508       0x2c ./Drivers/BSP/enc28j60.o
                0x08006508                ENC28J60_Write
 .text.ENC28J60_PHY_Write
                0x08006534       0x60 ./Drivers/BSP/enc28j60.o
                0x08006534                ENC28J60_PHY_Write
 .text.ENC28J60_Init
                0x08006594      0x1c0 ./Drivers/BSP/enc28j60.o
                0x08006594                ENC28J60_Init
 .text.Init_Applications
                0x08006754       0x1c ./APP/app.o
 .text.Start_Applications
                0x08006770       0x5c ./APP/app.o
                0x08006770                Start_Applications
 .text.Light_Task_Init
                0x080067cc       0x2c ./APP/light.o
                0x080067cc                Light_Task_Init
 .text.Light_Task_Loop
                0x080067f8       0x4c ./APP/light.o
                0x080067f8                Light_Task_Loop
 .text.Usart_Cmd_Task_Init
                0x08006844       0x34 ./APP/usart_cmd.o
                0x08006844                Usart_Cmd_Task_Init
 .text.Usart_Cmd_Task_Loop
                0x08006878       0xac ./APP/usart_cmd.o
                0x08006878                Usart_Cmd_Task_Loop
 .text.Error_command
                0x08006924       0x58 ./APP/usart_cmd.o
 .text.Normal_CMD
                0x0800697c      0x180 ./APP/usart_cmd.o
 .text.__sflush_r
                0x08006afc      0x10c /home/yangliu/Library/gcc-arm-none-eabi-5_4-2016q3/bin/../lib/gcc/arm-none-eabi/5.4.1/../../../../arm-none-eabi/lib/armv7-m/libg_nano.a(lib_a-fflush.o)
                0x08006afc                __sflush_r
 .text._fflush_r
                0x08006c08       0x54 /home/yangliu/Library/gcc-arm-none-eabi-5_4-2016q3/bin/../lib/gcc/arm-none-eabi/5.4.1/../../../../arm-none-eabi/lib/armv7-m/libg_nano.a(lib_a-fflush.o)
                0x08006c08                _fflush_r
 .text.fflush   0x08006c5c       0x24 /home/yangliu/Library/gcc-arm-none-eabi-5_4-2016q3/bin/../lib/gcc/arm-none-eabi/5.4.1/../../../../arm-none-eabi/lib/armv7-m/libg_nano.a(lib_a-fflush.o)
                0x08006c5c                fflush
 .text._cleanup_r
                0x08006c80        0xc /home/yangliu/Library/gcc-arm-none-eabi-5_4-2016q3/bin/../lib/gcc/arm-none-eabi/5.4.1/../../../../arm-none-eabi/lib/armv7-m/libg_nano.a(lib_a-findfp.o)
                0x08006c80                _cleanup_r
 .text.std.isra.0
                0x08006c8c       0x48 /home/yangliu/Library/gcc-arm-none-eabi-5_4-2016q3/bin/../lib/gcc/arm-none-eabi/5.4.1/../../../../arm-none-eabi/lib/armv7-m/libg_nano.a(lib_a-findfp.o)
 .text.__sfmoreglue
                0x08006cd4       0x2c /home/yangliu/Library/gcc-arm-none-eabi-5_4-2016q3/bin/../lib/gcc/arm-none-eabi/5.4.1/../../../../arm-none-eabi/lib/armv7-m/libg_nano.a(lib_a-findfp.o)
                0x08006cd4                __sfmoreglue
 .text.__sinit  0x08006d00       0x60 /home/yangliu/Library/gcc-arm-none-eabi-5_4-2016q3/bin/../lib/gcc/arm-none-eabi/5.4.1/../../../../arm-none-eabi/lib/armv7-m/libg_nano.a(lib_a-findfp.o)
                0x08006d00                __sinit
 .text.__sfp    0x08006d60       0x78 /home/yangliu/Library/gcc-arm-none-eabi-5_4-2016q3/bin/../lib/gcc/arm-none-eabi/5.4.1/../../../../arm-none-eabi/lib/armv7-m/libg_nano.a(lib_a-findfp.o)
                0x08006d60                __sfp
 .text._fwalk_reent
                0x08006dd8       0x3c /home/yangliu/Library/gcc-arm-none-eabi-5_4-2016q3/bin/../lib/gcc/arm-none-eabi/5.4.1/../../../../arm-none-eabi/lib/armv7-m/libg_nano.a(lib_a-fwalk.o)
                0x08006dd8                _fwalk_reent
 .text.__libc_init_array
                0x08006e14       0x4c /home/yangliu/Library/gcc-arm-none-eabi-5_4-2016q3/bin/../lib/gcc/arm-none-eabi/5.4.1/../../../../arm-none-eabi/lib/armv7-m/libg_nano.a(lib_a-init.o)
                0x08006e14                __libc_init_array
 .text.memcpy   0x08006e60       0x16 /home/yangliu/Library/gcc-arm-none-eabi-5_4-2016q3/bin/../lib/gcc/arm-none-eabi/5.4.1/../../../../arm-none-eabi/lib/armv7-m/libg_nano.a(lib_a-memcpy-stub.o)
                0x08006e60                memcpy
 .text.memset   0x08006e76       0x10 /home/yangliu/Library/gcc-arm-none-eabi-5_4-2016q3/bin/../lib/gcc/arm-none-eabi/5.4.1/../../../../arm-none-eabi/lib/armv7-m/libg_nano.a(lib_a-memset.o)
                0x08006e76                memset
 *fill*         0x08006e86        0x2 
 .text._free_r  0x08006e88       0x98 /home/yangliu/Library/gcc-arm-none-eabi-5_4-2016q3/bin/../lib/gcc/arm-none-eabi/5.4.1/../../../../arm-none-eabi/lib/armv7-m/libg_nano.a(lib_a-nano-freer.o)
                0x08006e88                _free_r
 .text._malloc_r
                0x08006f20       0xbc /home/yangliu/Library/gcc-arm-none-eabi-5_4-2016q3/bin/../lib/gcc/arm-none-eabi/5.4.1/../../../../arm-none-eabi/lib/armv7-m/libg_nano.a(lib_a-nano-mallocr.o)
                0x08006f20                _malloc_r
 .text.printf   0x08006fdc       0x30 /home/yangliu/Library/gcc-arm-none-eabi-5_4-2016q3/bin/../lib/gcc/arm-none-eabi/5.4.1/../../../../arm-none-eabi/lib/armv7-m/libg_nano.a(lib_a-printf.o)
                0x08006fdc                printf
                0x08006fdc                iprintf
 .text.putchar  0x0800700c       0x28 /home/yangliu/Library/gcc-arm-none-eabi-5_4-2016q3/bin/../lib/gcc/arm-none-eabi/5.4.1/../../../../arm-none-eabi/lib/armv7-m/libg_nano.a(lib_a-putchar.o)
                0x0800700c                putchar
 .text._puts_r  0x08007034       0xb4 /home/yangliu/Library/gcc-arm-none-eabi-5_4-2016q3/bin/../lib/gcc/arm-none-eabi/5.4.1/../../../../arm-none-eabi/lib/armv7-m/libg_nano.a(lib_a-puts.o)
                0x08007034                _puts_r
 .text.puts     0x080070e8       0x10 /home/yangliu/Library/gcc-arm-none-eabi-5_4-2016q3/bin/../lib/gcc/arm-none-eabi/5.4.1/../../../../arm-none-eabi/lib/armv7-m/libg_nano.a(lib_a-puts.o)
                0x080070e8                puts
 .text._sbrk_r  0x080070f8       0x20 /home/yangliu/Library/gcc-arm-none-eabi-5_4-2016q3/bin/../lib/gcc/arm-none-eabi/5.4.1/../../../../arm-none-eabi/lib/armv7-m/libg_nano.a(lib_a-sbrkr.o)
                0x080070f8                _sbrk_r
 .text.sprintf  0x08007118       0x48 /home/yangliu/Library/gcc-arm-none-eabi-5_4-2016q3/bin/../lib/gcc/arm-none-eabi/5.4.1/../../../../arm-none-eabi/lib/armv7-m/libg_nano.a(lib_a-sprintf.o)
                0x08007118                sprintf
                0x08007118                siprintf
 .text.__sread  0x08007160       0x22 /home/yangliu/Library/gcc-arm-none-eabi-5_4-2016q3/bin/../lib/gcc/arm-none-eabi/5.4.1/../../../../arm-none-eabi/lib/armv7-m/libg_nano.a(lib_a-stdio.o)
                0x08007160                __sread
 .text.__swrite
                0x08007182       0x38 /home/yangliu/Library/gcc-arm-none-eabi-5_4-2016q3/bin/../lib/gcc/arm-none-eabi/5.4.1/../../../../arm-none-eabi/lib/armv7-m/libg_nano.a(lib_a-stdio.o)
                0x08007182                __swrite
 .text.__sseek  0x080071ba       0x24 /home/yangliu/Library/gcc-arm-none-eabi-5_4-2016q3/bin/../lib/gcc/arm-none-eabi/5.4.1/../../../../arm-none-eabi/lib/armv7-m/libg_nano.a(lib_a-stdio.o)
                0x080071ba                __sseek
 .text.__sclose
                0x080071de        0x8 /home/yangliu/Library/gcc-arm-none-eabi-5_4-2016q3/bin/../lib/gcc/arm-none-eabi/5.4.1/../../../../arm-none-eabi/lib/armv7-m/libg_nano.a(lib_a-stdio.o)
                0x080071de                __sclose
 .text.strcpy   0x080071e6       0x10 /home/yangliu/Library/gcc-arm-none-eabi-5_4-2016q3/bin/../lib/gcc/arm-none-eabi/5.4.1/../../../../arm-none-eabi/lib/armv7-m/libg_nano.a(lib_a-strcpy.o)
                0x080071e6                strcpy
 .text.strncmp  0x080071f6       0x2a /home/yangliu/Library/gcc-arm-none-eabi-5_4-2016q3/bin/../lib/gcc/arm-none-eabi/5.4.1/../../../../arm-none-eabi/lib/armv7-m/libg_nano.a(lib_a-strncmp.o)
                0x080071f6                strncmp
 .text.__swbuf_r
                0x08007220       0xa8 /home/yangliu/Library/gcc-arm-none-eabi-5_4-2016q3/bin/../lib/gcc/arm-none-eabi/5.4.1/../../../../arm-none-eabi/lib/armv7-m/libg_nano.a(lib_a-wbuf.o)
                0x08007220                __swbuf_r
 .text._write_r
                0x080072c8       0x24 /home/yangliu/Library/gcc-arm-none-eabi-5_4-2016q3/bin/../lib/gcc/arm-none-eabi/5.4.1/../../../../arm-none-eabi/lib/armv7-m/libg_nano.a(lib_a-writer.o)
                0x080072c8                _write_r
 .text.__swsetup_r
                0x080072ec       0xdc /home/yangliu/Library/gcc-arm-none-eabi-5_4-2016q3/bin/../lib/gcc/arm-none-eabi/5.4.1/../../../../arm-none-eabi/lib/armv7-m/libg_nano.a(lib_a-wsetup.o)
                0x080072ec                __swsetup_r
 .text._close_r
                0x080073c8       0x20 /home/yangliu/Library/gcc-arm-none-eabi-5_4-2016q3/bin/../lib/gcc/arm-none-eabi/5.4.1/../../../../arm-none-eabi/lib/armv7-m/libg_nano.a(lib_a-closer.o)
                0x080073c8                _close_r
 .text._lseek_r
                0x080073e8       0x24 /home/yangliu/Library/gcc-arm-none-eabi-5_4-2016q3/bin/../lib/gcc/arm-none-eabi/5.4.1/../../../../arm-none-eabi/lib/armv7-m/libg_nano.a(lib_a-lseekr.o)
                0x080073e8                _lseek_r
 .text.__swhatbuf_r
                0x0800740c       0x46 /home/yangliu/Library/gcc-arm-none-eabi-5_4-2016q3/bin/../lib/gcc/arm-none-eabi/5.4.1/../../../../arm-none-eabi/lib/armv7-m/libg_nano.a(lib_a-makebuf.o)
                0x0800740c                __swhatbuf_r
 *fill*         0x08007452        0x2 
 .text.__smakebuf_r
                0x08007454       0x78 /home/yangliu/Library/gcc-arm-none-eabi-5_4-2016q3/bin/../lib/gcc/arm-none-eabi/5.4.1/../../../../arm-none-eabi/lib/armv7-m/libg_nano.a(lib_a-makebuf.o)
                0x08007454                __smakebuf_r
 .text.__malloc_lock
                0x080074cc        0x2 /home/yangliu/Library/gcc-arm-none-eabi-5_4-2016q3/bin/../lib/gcc/arm-none-eabi/5.4.1/../../../../arm-none-eabi/lib/armv7-m/libg_nano.a(lib_a-mlock.o)
                0x080074cc                __malloc_lock
 .text.__malloc_unlock
                0x080074ce        0x2 /home/yangliu/Library/gcc-arm-none-eabi-5_4-2016q3/bin/../lib/gcc/arm-none-eabi/5.4.1/../../../../arm-none-eabi/lib/armv7-m/libg_nano.a(lib_a-mlock.o)
                0x080074ce                __malloc_unlock
 .text.__ssputs_r
                0x080074d0       0xb2 /home/yangliu/Library/gcc-arm-none-eabi-5_4-2016q3/bin/../lib/gcc/arm-none-eabi/5.4.1/../../../../arm-none-eabi/lib/armv7-m/libg_nano.a(lib_a-nano-svfprintf.o)
                0x080074d0                __ssputs_r
 *fill*         0x08007582        0x2 
 .text._svfprintf_r
                0x08007584      0x1e8 /home/yangliu/Library/gcc-arm-none-eabi-5_4-2016q3/bin/../lib/gcc/arm-none-eabi/5.4.1/../../../../arm-none-eabi/lib/armv7-m/libg_nano.a(lib_a-nano-svfprintf.o)
                0x08007584                _svfprintf_r
                0x08007584                _svfiprintf_r
 .text.__sfputc_r
                0x0800776c       0x2c /home/yangliu/Library/gcc-arm-none-eabi-5_4-2016q3/bin/../lib/gcc/arm-none-eabi/5.4.1/../../../../arm-none-eabi/lib/armv7-m/libg_nano.a(lib_a-nano-vfprintf.o)
 .text.__sfputs_r
                0x08007798       0x24 /home/yangliu/Library/gcc-arm-none-eabi-5_4-2016q3/bin/../lib/gcc/arm-none-eabi/5.4.1/../../../../arm-none-eabi/lib/armv7-m/libg_nano.a(lib_a-nano-vfprintf.o)
                0x08007798                __sfputs_r
 .text._vfprintf_r
                0x080077bc      0x238 /home/yangliu/Library/gcc-arm-none-eabi-5_4-2016q3/bin/../lib/gcc/arm-none-eabi/5.4.1/../../../../arm-none-eabi/lib/armv7-m/libg_nano.a(lib_a-nano-vfprintf.o)
                0x080077bc                _vfiprintf_r
                0x080077bc                _vfprintf_r
 .text._printf_common
                0x080079f4       0xec /home/yangliu/Library/gcc-arm-none-eabi-5_4-2016q3/bin/../lib/gcc/arm-none-eabi/5.4.1/../../../../arm-none-eabi/lib/armv7-m/libg_nano.a(lib_a-nano-vfprintf_i.o)
                0x080079f4                _printf_common
 .text._printf_i
                0x08007ae0      0x24c /home/yangliu/Library/gcc-arm-none-eabi-5_4-2016q3/bin/../lib/gcc/arm-none-eabi/5.4.1/../../../../arm-none-eabi/lib/armv7-m/libg_nano.a(lib_a-nano-vfprintf_i.o)
                0x08007ae0                _printf_i
 .text._putc_r  0x08007d2c       0x6c /home/yangliu/Library/gcc-arm-none-eabi-5_4-2016q3/bin/../lib/gcc/arm-none-eabi/5.4.1/../../../../arm-none-eabi/lib/armv7-m/libg_nano.a(lib_a-putc.o)
                0x08007d2c                _putc_r
 .text._read_r  0x08007d98       0x24 /home/yangliu/Library/gcc-arm-none-eabi-5_4-2016q3/bin/../lib/gcc/arm-none-eabi/5.4.1/../../../../arm-none-eabi/lib/armv7-m/libg_nano.a(lib_a-readr.o)
                0x08007d98                _read_r
 .text._fstat_r
                0x08007dbc       0x24 /home/yangliu/Library/gcc-arm-none-eabi-5_4-2016q3/bin/../lib/gcc/arm-none-eabi/5.4.1/../../../../arm-none-eabi/lib/armv7-m/libg_nano.a(lib_a-fstatr.o)
                0x08007dbc                _fstat_r
 .text._isatty_r
                0x08007de0       0x20 /home/yangliu/Library/gcc-arm-none-eabi-5_4-2016q3/bin/../lib/gcc/arm-none-eabi/5.4.1/../../../../arm-none-eabi/lib/armv7-m/libg_nano.a(lib_a-isattyr.o)
                0x08007de0                _isatty_r
 .text.memchr   0x08007e00       0x1c /home/yangliu/Library/gcc-arm-none-eabi-5_4-2016q3/bin/../lib/gcc/arm-none-eabi/5.4.1/../../../../arm-none-eabi/lib/armv7-m/libg_nano.a(lib_a-memchr-stub.o)
                0x08007e00                memchr
 .text.memmove  0x08007e1c       0x36 /home/yangliu/Library/gcc-arm-none-eabi-5_4-2016q3/bin/../lib/gcc/arm-none-eabi/5.4.1/../../../../arm-none-eabi/lib/armv7-m/libg_nano.a(lib_a-memmove.o)
                0x08007e1c                memmove
 .text._realloc_r
                0x08007e52       0x4c /home/yangliu/Library/gcc-arm-none-eabi-5_4-2016q3/bin/../lib/gcc/arm-none-eabi/5.4.1/../../../../arm-none-eabi/lib/armv7-m/libg_nano.a(lib_a-nano-reallocr.o)
                0x08007e52                _realloc_r
 .text._malloc_usable_size_r
                0x08007e9e       0x14 /home/yangliu/Library/gcc-arm-none-eabi-5_4-2016q3/bin/../lib/gcc/arm-none-eabi/5.4.1/../../../../arm-none-eabi/lib/armv7-m/libg_nano.a(lib_a-nano-msizer.o)
                0x08007e9e                _malloc_usable_size_r
 *(.glue_7)
 .glue_7        0x08007eb2        0x0 linker stubs
 *(.glue_7t)
 .glue_7t       0x08007eb2        0x0 linker stubs
 *(.eh_frame)
 *fill*         0x08007eb2        0x2 
 .eh_frame      0x08007eb4        0x0 /home/yangliu/Library/gcc-arm-none-eabi-5_4-2016q3/bin/../lib/gcc/arm-none-eabi/5.4.1/armv7-m/crtbegin.o
 *(.init)
 .init          0x08007eb4        0x4 /home/yangliu/Library/gcc-arm-none-eabi-5_4-2016q3/bin/../lib/gcc/arm-none-eabi/5.4.1/armv7-m/crti.o
                0x08007eb4                _init
 .init          0x08007eb8        0x8 /home/yangliu/Library/gcc-arm-none-eabi-5_4-2016q3/bin/../lib/gcc/arm-none-eabi/5.4.1/armv7-m/crtn.o
 *(.fini)
 .fini          0x08007ec0        0x4 /home/yangliu/Library/gcc-arm-none-eabi-5_4-2016q3/bin/../lib/gcc/arm-none-eabi/5.4.1/armv7-m/crti.o
                0x08007ec0                _fini
 .fini          0x08007ec4        0x8 /home/yangliu/Library/gcc-arm-none-eabi-5_4-2016q3/bin/../lib/gcc/arm-none-eabi/5.4.1/armv7-m/crtn.o
                0x08007ecc                . = ALIGN (0x4)
                0x08007ecc                _etext = .

.vfp11_veneer   0x08007ecc        0x0
 .vfp11_veneer  0x08007ecc        0x0 linker stubs

.v4_bx          0x08007ecc        0x0
 .v4_bx         0x08007ecc        0x0 linker stubs

.iplt           0x08007ecc        0x0
 .iplt          0x08007ecc        0x0 /home/yangliu/Library/gcc-arm-none-eabi-5_4-2016q3/bin/../lib/gcc/arm-none-eabi/5.4.1/armv7-m/crtbegin.o

.rodata         0x08007ecc      0x3b0
                0x08007ecc                . = ALIGN (0x4)
 *(.rodata)
 .rodata        0x08007ecc       0x20 ./Src/main.o
 .rodata        0x08007eec       0x30 ./Middlewares/Third_Party/FreeRTOS/Source/tasks.o
 .rodata        0x08007f1c       0x12 ./Drivers/STM32F1xx_HAL_Driver/Src/stm32f1xx_hal_rcc.o
 *fill*         0x08007f2e        0x2 
 .rodata        0x08007f30       0x34 ./Drivers/BSP/BSP.o
 .rodata        0x08007f64       0x54 ./Drivers/BSP/console.o
 .rodata        0x08007fb8       0x16 ./APP/app.o
 *fill*         0x08007fce        0x2 
 .rodata        0x08007fd0       0x38 ./APP/light.o
 .rodata        0x08008008      0x1c1 ./APP/usart_cmd.o
 *(.rodata*)
 *fill*         0x080081c9        0x3 
 .rodata.AHBPrescTable
                0x080081cc       0x10 ./Src/system_stm32f1xx.o
                0x080081cc                AHBPrescTable
 .rodata.APBPrescTable
                0x080081dc        0x8 ./Src/system_stm32f1xx.o
                0x080081dc                APBPrescTable
 .rodata.__sf_fake_stdin
                0x080081e4       0x20 /home/yangliu/Library/gcc-arm-none-eabi-5_4-2016q3/bin/../lib/gcc/arm-none-eabi/5.4.1/../../../../arm-none-eabi/lib/armv7-m/libg_nano.a(lib_a-findfp.o)
                0x080081e4                __sf_fake_stdin
 .rodata.__sf_fake_stdout
                0x08008204       0x20 /home/yangliu/Library/gcc-arm-none-eabi-5_4-2016q3/bin/../lib/gcc/arm-none-eabi/5.4.1/../../../../arm-none-eabi/lib/armv7-m/libg_nano.a(lib_a-findfp.o)
                0x08008204                __sf_fake_stdout
 .rodata.__sf_fake_stderr
                0x08008224       0x20 /home/yangliu/Library/gcc-arm-none-eabi-5_4-2016q3/bin/../lib/gcc/arm-none-eabi/5.4.1/../../../../arm-none-eabi/lib/armv7-m/libg_nano.a(lib_a-findfp.o)
                0x08008224                __sf_fake_stderr
 .rodata._global_impure_ptr
                0x08008244        0x4 /home/yangliu/Library/gcc-arm-none-eabi-5_4-2016q3/bin/../lib/gcc/arm-none-eabi/5.4.1/../../../../arm-none-eabi/lib/armv7-m/libg_nano.a(lib_a-impure.o)
                0x08008244                _global_impure_ptr
 .rodata.str1.1
                0x08008248       0x11 /home/yangliu/Library/gcc-arm-none-eabi-5_4-2016q3/bin/../lib/gcc/arm-none-eabi/5.4.1/../../../../arm-none-eabi/lib/armv7-m/libg_nano.a(lib_a-nano-svfprintf.o)
 .rodata.str1.1
                0x08008259       0x11 /home/yangliu/Library/gcc-arm-none-eabi-5_4-2016q3/bin/../lib/gcc/arm-none-eabi/5.4.1/../../../../arm-none-eabi/lib/armv7-m/libg_nano.a(lib_a-nano-vfprintf.o)
 .rodata.str1.1
                0x08008259       0x22 /home/yangliu/Library/gcc-arm-none-eabi-5_4-2016q3/bin/../lib/gcc/arm-none-eabi/5.4.1/../../../../arm-none-eabi/lib/armv7-m/libg_nano.a(lib_a-nano-vfprintf_i.o)
                0x0800827c                . = ALIGN (0x4)
 *fill*         0x0800827b        0x1 

.rel.dyn        0x0800827c        0x0
 .rel.iplt      0x0800827c        0x0 /home/yangliu/Library/gcc-arm-none-eabi-5_4-2016q3/bin/../lib/gcc/arm-none-eabi/5.4.1/armv7-m/crtbegin.o

.ARM.extab
 *(.ARM.extab* .gnu.linkonce.armextab.*)

.ARM            0x0800827c        0x0
                0x0800827c                __exidx_start = .
 *(.ARM.exidx*)
                0x0800827c                __exidx_end = .

.preinit_array  0x0800827c        0x0
                0x0800827c                PROVIDE (__preinit_array_start, .)
 *(.preinit_array*)
                0x0800827c                PROVIDE (__preinit_array_end, .)

.init_array     0x0800827c        0x4
                0x0800827c                PROVIDE (__init_array_start, .)
 *(SORT(.init_array.*))
 *(.init_array*)
 .init_array    0x0800827c        0x4 /home/yangliu/Library/gcc-arm-none-eabi-5_4-2016q3/bin/../lib/gcc/arm-none-eabi/5.4.1/armv7-m/crtbegin.o
                0x08008280                PROVIDE (__init_array_end, .)

.fini_array     0x08008280        0x4
                [!provide]                PROVIDE (__fini_array_start, .)
 *(SORT(.fini_array.*))
 *(.fini_array*)
 .fini_array    0x08008280        0x4 /home/yangliu/Library/gcc-arm-none-eabi-5_4-2016q3/bin/../lib/gcc/arm-none-eabi/5.4.1/armv7-m/crtbegin.o
                [!provide]                PROVIDE (__fini_array_end, .)
                0x08008284                _sidata = LOADADDR (.data)

.data           0x20000000       0x78 load address 0x08008284
                0x20000000                . = ALIGN (0x4)
                0x20000000                _sdata = .
 *(.data)
 *(.data*)
 .data.SystemCoreClock
                0x20000000        0x4 ./Src/system_stm32f1xx.o
                0x20000000                SystemCoreClock
 .data.uxCriticalNesting
                0x20000004        0x4 ./Middlewares/Third_Party/FreeRTOS/Source/portable/GCC/ARM_CM3/port.o
 .data.mac      0x20000008        0x6 ./Drivers/BSP/BSP.o
                0x20000008                mac
 *fill*         0x2000000e        0x2 
 .data.Usart_Cmd_Task_Fre
                0x20000010        0x4 ./APP/usart_cmd.o
                0x20000010                Usart_Cmd_Task_Fre
 .data.impure_data
                0x20000014       0x60 /home/yangliu/Library/gcc-arm-none-eabi-5_4-2016q3/bin/../lib/gcc/arm-none-eabi/5.4.1/../../../../arm-none-eabi/lib/armv7-m/libg_nano.a(lib_a-impure.o)
 .data._impure_ptr
                0x20000074        0x4 /home/yangliu/Library/gcc-arm-none-eabi-5_4-2016q3/bin/../lib/gcc/arm-none-eabi/5.4.1/../../../../arm-none-eabi/lib/armv7-m/libg_nano.a(lib_a-impure.o)
                0x20000074                _impure_ptr
                0x20000078                . = ALIGN (0x4)
                0x20000078                _edata = .

.jcr            0x20000078        0x0 load address 0x080082fc
 .jcr           0x20000078        0x0 /home/yangliu/Library/gcc-arm-none-eabi-5_4-2016q3/bin/../lib/gcc/arm-none-eabi/5.4.1/armv7-m/crtbegin.o

.igot.plt       0x20000078        0x0 load address 0x080082fc
 .igot.plt      0x20000078        0x0 /home/yangliu/Library/gcc-arm-none-eabi-5_4-2016q3/bin/../lib/gcc/arm-none-eabi/5.4.1/armv7-m/crtbegin.o
                0x20000078                . = ALIGN (0x4)

.bss            0x20000078     0x2400 load address 0x080082fc
                0x20000078                _sbss = .
                0x20000078                __bss_start__ = _sbss
 *(.bss)
 .bss           0x20000078       0x1c /home/yangliu/Library/gcc-arm-none-eabi-5_4-2016q3/bin/../lib/gcc/arm-none-eabi/5.4.1/armv7-m/crtbegin.o
 *(.bss*)
 .bss.ucHeap    0x20000094     0x1f88 ./Middlewares/Third_Party/FreeRTOS/Source/portable/MemMang/heap_4.o
 .bss.xStart    0x2000201c        0x8 ./Middlewares/Third_Party/FreeRTOS/Source/portable/MemMang/heap_4.o
 .bss.pxEnd     0x20002024        0x4 ./Middlewares/Third_Party/FreeRTOS/Source/portable/MemMang/heap_4.o
 .bss.xFreeBytesRemaining
                0x20002028        0x4 ./Middlewares/Third_Party/FreeRTOS/Source/portable/MemMang/heap_4.o
 .bss.xMinimumEverFreeBytesRemaining
                0x2000202c        0x4 ./Middlewares/Third_Party/FreeRTOS/Source/portable/MemMang/heap_4.o
 .bss.xBlockAllocatedBit
                0x20002030        0x4 ./Middlewares/Third_Party/FreeRTOS/Source/portable/MemMang/heap_4.o
 .bss.ucMaxSysCallPriority
                0x20002034        0x1 ./Middlewares/Third_Party/FreeRTOS/Source/portable/GCC/ARM_CM3/port.o
 *fill*         0x20002035        0x3 
 .bss.ulMaxPRIGROUPValue
                0x20002038        0x4 ./Middlewares/Third_Party/FreeRTOS/Source/portable/GCC/ARM_CM3/port.o
 .bss.pxCurrentTCB
                0x2000203c        0x4 ./Middlewares/Third_Party/FreeRTOS/Source/tasks.o
                0x2000203c                pxCurrentTCB
 .bss.pxReadyTasksLists
                0x20002040      0x12c ./Middlewares/Third_Party/FreeRTOS/Source/tasks.o
 .bss.xDelayedTaskList1
                0x2000216c       0x14 ./Middlewares/Third_Party/FreeRTOS/Source/tasks.o
 .bss.xDelayedTaskList2
                0x20002180       0x14 ./Middlewares/Third_Party/FreeRTOS/Source/tasks.o
 .bss.pxDelayedTaskList
                0x20002194        0x4 ./Middlewares/Third_Party/FreeRTOS/Source/tasks.o
 .bss.pxOverflowDelayedTaskList
                0x20002198        0x4 ./Middlewares/Third_Party/FreeRTOS/Source/tasks.o
 .bss.xPendingReadyList
                0x2000219c       0x14 ./Middlewares/Third_Party/FreeRTOS/Source/tasks.o
 .bss.xTasksWaitingTermination
                0x200021b0       0x14 ./Middlewares/Third_Party/FreeRTOS/Source/tasks.o
 .bss.uxTasksDeleted
                0x200021c4        0x4 ./Middlewares/Third_Party/FreeRTOS/Source/tasks.o
 .bss.xSuspendedTaskList
                0x200021c8       0x14 ./Middlewares/Third_Party/FreeRTOS/Source/tasks.o
 .bss.uxCurrentNumberOfTasks
                0x200021dc        0x4 ./Middlewares/Third_Party/FreeRTOS/Source/tasks.o
 .bss.xTickCount
                0x200021e0        0x4 ./Middlewares/Third_Party/FreeRTOS/Source/tasks.o
 .bss.uxTopReadyPriority
                0x200021e4        0x4 ./Middlewares/Third_Party/FreeRTOS/Source/tasks.o
 .bss.xSchedulerRunning
                0x200021e8        0x4 ./Middlewares/Third_Party/FreeRTOS/Source/tasks.o
 .bss.uxPendedTicks
                0x200021ec        0x4 ./Middlewares/Third_Party/FreeRTOS/Source/tasks.o
 .bss.xYieldPending
                0x200021f0        0x4 ./Middlewares/Third_Party/FreeRTOS/Source/tasks.o
 .bss.xNumOfOverflows
                0x200021f4        0x4 ./Middlewares/Third_Party/FreeRTOS/Source/tasks.o
 .bss.uxTaskNumber
                0x200021f8        0x4 ./Middlewares/Third_Party/FreeRTOS/Source/tasks.o
 .bss.xNextTaskUnblockTime
                0x200021fc        0x4 ./Middlewares/Third_Party/FreeRTOS/Source/tasks.o
 .bss.uxSchedulerSuspended
                0x20002200        0x4 ./Middlewares/Third_Party/FreeRTOS/Source/tasks.o
 .bss.ulTaskSwitchedInTime
                0x20002204        0x4 ./Middlewares/Third_Party/FreeRTOS/Source/tasks.o
 .bss.ulTotalRunTime
                0x20002208        0x4 ./Middlewares/Third_Party/FreeRTOS/Source/tasks.o
 .bss.uwTick    0x2000220c        0x4 ./Drivers/STM32F1xx_HAL_Driver/Src/stm32f1xx_hal.o
 .bss.uCRCErrorWorkaroundCheck
                0x20002210        0x1 ./Drivers/STM32F1xx_HAL_Driver/Src/stm32f1xx_hal_spi_ex.o
                0x20002210                uCRCErrorWorkaroundCheck
 *fill*         0x20002211        0x1 
 .bss.Len_tmp   0x20002212        0x2 ./Drivers/BSP/console.o
                0x20002212                Len_tmp
 .bss.heap.7663
                0x20002214        0x4 ./Drivers/BSP/console.o
 .bss.ENC28J60BANK
                0x20002218        0x1 ./Drivers/BSP/enc28j60.o
 *fill*         0x20002219        0x3 
 .bss.NextPacketPtr
                0x2000221c        0x4 ./Drivers/BSP/enc28j60.o
 .bss.Light_task_frequency
                0x20002220        0x2 ./APP/light.o
                0x20002220                Light_task_frequency
 *fill*         0x20002222        0x2 
 .bss.__malloc_sbrk_start
                0x20002224        0x4 /home/yangliu/Library/gcc-arm-none-eabi-5_4-2016q3/bin/../lib/gcc/arm-none-eabi/5.4.1/../../../../arm-none-eabi/lib/armv7-m/libg_nano.a(lib_a-nano-mallocr.o)
                0x20002224                __malloc_sbrk_start
 .bss.__malloc_free_list
                0x20002228        0x4 /home/yangliu/Library/gcc-arm-none-eabi-5_4-2016q3/bin/../lib/gcc/arm-none-eabi/5.4.1/../../../../arm-none-eabi/lib/armv7-m/libg_nano.a(lib_a-nano-mallocr.o)
                0x20002228                __malloc_free_list
 *(COMMON)
 COMMON         0x2000222c      0x19c ./Src/hardware.o
                0x2000222c                hspi2
                0x20002284                htim4
                0x200022c0                huart3
                0x20002300                hiwdg
                0x20002310                hdma_usart1_rx
                0x20002348                huart1
                0x20002388                huart2
 COMMON         0x200023c8        0x4 ./Src/main.o
                0x200023c8                defaultTaskHandle
 COMMON         0x200023cc       0x78 ./Src/stm32f1xx_hal_timebase_TIM.o
                0x200023cc                htim3
                0x20002408                htim2
 COMMON         0x20002444       0x2e ./Drivers/BSP/console.o
                0x20002444                Console_Buffer
                0x2000245c                Console_RX
 *fill*         0x20002472        0x2 
 COMMON         0x20002474        0x4 /home/yangliu/Library/gcc-arm-none-eabi-5_4-2016q3/bin/../lib/gcc/arm-none-eabi/5.4.1/../../../../arm-none-eabi/lib/armv7-m/libg_nano.a(lib_a-reent.o)
                0x20002474                errno
                0x20002478                . = ALIGN (0x4)
                0x20002478                _ebss = .
                0x20002478                __bss_end__ = _ebss

._user_heap_stack
                0x20002478      0xc00 load address 0x080082fc
                0x20002478                . = ALIGN (0x8)
                [!provide]                PROVIDE (end, .)
                0x20002478                PROVIDE (_end, .)
                0x20002878                . = (. + _Min_Heap_Size)
 *fill*         0x20002478      0x400 
                0x20003078                . = (. + _Min_Stack_Size)
 *fill*         0x20002878      0x800 
                0x20003078                . = ALIGN (0x8)

/DISCARD/
 libc.a(*)
 libm.a(*)
 libgcc.a(*)

.ARM.attributes
                0x00000000       0x29
 *(.ARM.attributes)
 .ARM.attributes
                0x00000000       0x1d /home/yangliu/Library/gcc-arm-none-eabi-5_4-2016q3/bin/../lib/gcc/arm-none-eabi/5.4.1/armv7-m/crti.o
 .ARM.attributes
                0x0000001d       0x2d /home/yangliu/Library/gcc-arm-none-eabi-5_4-2016q3/bin/../lib/gcc/arm-none-eabi/5.4.1/armv7-m/crtbegin.o
 .ARM.attributes
                0x0000004a       0x21 ./startup/startup_stm32f103xb.o
 .ARM.attributes
                0x0000006b       0x33 ./Src/hardware.o
 .ARM.attributes
                0x0000009e       0x33 ./Src/main.o
 .ARM.attributes
                0x000000d1       0x33 ./Src/stm32f1xx_hal_msp.o
 .ARM.attributes
                0x00000104       0x33 ./Src/stm32f1xx_hal_timebase_TIM.o
 .ARM.attributes
                0x00000137       0x33 ./Src/stm32f1xx_it.o
 .ARM.attributes
                0x0000016a       0x33 ./Src/system_stm32f1xx.o
 .ARM.attributes
                0x0000019d       0x33 ./Middlewares/Third_Party/FreeRTOS/Source/portable/MemMang/heap_4.o
 .ARM.attributes
                0x000001d0       0x33 ./Middlewares/Third_Party/FreeRTOS/Source/portable/GCC/ARM_CM3/port.o
 .ARM.attributes
                0x00000203       0x33 ./Middlewares/Third_Party/FreeRTOS/Source/CMSIS_RTOS/cmsis_os.o
 .ARM.attributes
                0x00000236       0x33 ./Middlewares/Third_Party/FreeRTOS/Source/list.o
 .ARM.attributes
                0x00000269       0x33 ./Middlewares/Third_Party/FreeRTOS/Source/tasks.o
 .ARM.attributes
                0x0000029c       0x33 ./Drivers/STM32F1xx_HAL_Driver/Src/stm32f1xx_hal.o
 .ARM.attributes
                0x000002cf       0x33 ./Drivers/STM32F1xx_HAL_Driver/Src/stm32f1xx_hal_cortex.o
 .ARM.attributes
                0x00000302       0x33 ./Drivers/STM32F1xx_HAL_Driver/Src/stm32f1xx_hal_dma.o
 .ARM.attributes
                0x00000335       0x33 ./Drivers/STM32F1xx_HAL_Driver/Src/stm32f1xx_hal_gpio.o
 .ARM.attributes
                0x00000368       0x33 ./Drivers/STM32F1xx_HAL_Driver/Src/stm32f1xx_hal_iwdg.o
 .ARM.attributes
                0x0000039b       0x33 ./Drivers/STM32F1xx_HAL_Driver/Src/stm32f1xx_hal_rcc.o
 .ARM.attributes
                0x000003ce       0x33 ./Drivers/STM32F1xx_HAL_Driver/Src/stm32f1xx_hal_spi.o
 .ARM.attributes
                0x00000401       0x33 ./Drivers/STM32F1xx_HAL_Driver/Src/stm32f1xx_hal_spi_ex.o
 .ARM.attributes
                0x00000434       0x33 ./Drivers/STM32F1xx_HAL_Driver/Src/stm32f1xx_hal_tim.o
 .ARM.attributes
                0x00000467       0x33 ./Drivers/STM32F1xx_HAL_Driver/Src/stm32f1xx_hal_tim_ex.o
 .ARM.attributes
                0x0000049a       0x33 ./Drivers/STM32F1xx_HAL_Driver/Src/stm32f1xx_hal_uart.o
 .ARM.attributes
                0x000004cd       0x33 ./Drivers/BSP/BSP.o
 .ARM.attributes
                0x00000500       0x33 ./Drivers/BSP/console.o
 .ARM.attributes
                0x00000533       0x33 ./Drivers/BSP/enc28j60.o
 .ARM.attributes
                0x00000566       0x33 ./APP/app.o
 .ARM.attributes
                0x00000599       0x33 ./APP/light.o
 .ARM.attributes
                0x000005cc       0x33 ./APP/usart_cmd.o
 .ARM.attributes
                0x000005ff       0x1d /home/yangliu/Library/gcc-arm-none-eabi-5_4-2016q3/bin/../lib/gcc/arm-none-eabi/5.4.1/armv7-m/libgcc.a(_arm_muldivsf3.o)
 .ARM.attributes
                0x0000061c       0x1d /home/yangliu/Library/gcc-arm-none-eabi-5_4-2016q3/bin/../lib/gcc/arm-none-eabi/5.4.1/armv7-m/libgcc.a(_arm_fixunssfsi.o)
 .ARM.attributes
                0x00000639       0x2d /home/yangliu/Library/gcc-arm-none-eabi-5_4-2016q3/bin/../lib/gcc/arm-none-eabi/5.4.1/../../../../arm-none-eabi/lib/armv7-m/libg_nano.a(lib_a-fflush.o)
 .ARM.attributes
                0x00000666       0x2d /home/yangliu/Library/gcc-arm-none-eabi-5_4-2016q3/bin/../lib/gcc/arm-none-eabi/5.4.1/../../../../arm-none-eabi/lib/armv7-m/libg_nano.a(lib_a-findfp.o)
 .ARM.attributes
                0x00000693       0x2d /home/yangliu/Library/gcc-arm-none-eabi-5_4-2016q3/bin/../lib/gcc/arm-none-eabi/5.4.1/../../../../arm-none-eabi/lib/armv7-m/libg_nano.a(lib_a-fwalk.o)
 .ARM.attributes
                0x000006c0       0x2d /home/yangliu/Library/gcc-arm-none-eabi-5_4-2016q3/bin/../lib/gcc/arm-none-eabi/5.4.1/../../../../arm-none-eabi/lib/armv7-m/libg_nano.a(lib_a-impure.o)
 .ARM.attributes
                0x000006ed       0x2d /home/yangliu/Library/gcc-arm-none-eabi-5_4-2016q3/bin/../lib/gcc/arm-none-eabi/5.4.1/../../../../arm-none-eabi/lib/armv7-m/libg_nano.a(lib_a-init.o)
 .ARM.attributes
                0x0000071a       0x2d /home/yangliu/Library/gcc-arm-none-eabi-5_4-2016q3/bin/../lib/gcc/arm-none-eabi/5.4.1/../../../../arm-none-eabi/lib/armv7-m/libg_nano.a(lib_a-memcpy-stub.o)
 .ARM.attributes
                0x00000747       0x2d /home/yangliu/Library/gcc-arm-none-eabi-5_4-2016q3/bin/../lib/gcc/arm-none-eabi/5.4.1/../../../../arm-none-eabi/lib/armv7-m/libg_nano.a(lib_a-memset.o)
 .ARM.attributes
                0x00000774       0x2d /home/yangliu/Library/gcc-arm-none-eabi-5_4-2016q3/bin/../lib/gcc/arm-none-eabi/5.4.1/../../../../arm-none-eabi/lib/armv7-m/libg_nano.a(lib_a-nano-freer.o)
 .ARM.attributes
                0x000007a1       0x2d /home/yangliu/Library/gcc-arm-none-eabi-5_4-2016q3/bin/../lib/gcc/arm-none-eabi/5.4.1/../../../../arm-none-eabi/lib/armv7-m/libg_nano.a(lib_a-nano-mallocr.o)
 .ARM.attributes
                0x000007ce       0x2d /home/yangliu/Library/gcc-arm-none-eabi-5_4-2016q3/bin/../lib/gcc/arm-none-eabi/5.4.1/../../../../arm-none-eabi/lib/armv7-m/libg_nano.a(lib_a-printf.o)
 .ARM.attributes
                0x000007fb       0x2d /home/yangliu/Library/gcc-arm-none-eabi-5_4-2016q3/bin/../lib/gcc/arm-none-eabi/5.4.1/../../../../arm-none-eabi/lib/armv7-m/libg_nano.a(lib_a-putchar.o)
 .ARM.attributes
                0x00000828       0x2d /home/yangliu/Library/gcc-arm-none-eabi-5_4-2016q3/bin/../lib/gcc/arm-none-eabi/5.4.1/../../../../arm-none-eabi/lib/armv7-m/libg_nano.a(lib_a-puts.o)
 .ARM.attributes
                0x00000855       0x2d /home/yangliu/Library/gcc-arm-none-eabi-5_4-2016q3/bin/../lib/gcc/arm-none-eabi/5.4.1/../../../../arm-none-eabi/lib/armv7-m/libg_nano.a(lib_a-sbrkr.o)
 .ARM.attributes
                0x00000882       0x2d /home/yangliu/Library/gcc-arm-none-eabi-5_4-2016q3/bin/../lib/gcc/arm-none-eabi/5.4.1/../../../../arm-none-eabi/lib/armv7-m/libg_nano.a(lib_a-sprintf.o)
 .ARM.attributes
                0x000008af       0x2d /home/yangliu/Library/gcc-arm-none-eabi-5_4-2016q3/bin/../lib/gcc/arm-none-eabi/5.4.1/../../../../arm-none-eabi/lib/armv7-m/libg_nano.a(lib_a-stdio.o)
 .ARM.attributes
                0x000008dc       0x2d /home/yangliu/Library/gcc-arm-none-eabi-5_4-2016q3/bin/../lib/gcc/arm-none-eabi/5.4.1/../../../../arm-none-eabi/lib/armv7-m/libg_nano.a(lib_a-strcpy.o)
 .ARM.attributes
                0x00000909       0x17 /home/yangliu/Library/gcc-arm-none-eabi-5_4-2016q3/bin/../lib/gcc/arm-none-eabi/5.4.1/../../../../arm-none-eabi/lib/armv7-m/libg_nano.a(lib_a-strlen.o)
 .ARM.attributes
                0x00000920       0x2d /home/yangliu/Library/gcc-arm-none-eabi-5_4-2016q3/bin/../lib/gcc/arm-none-eabi/5.4.1/../../../../arm-none-eabi/lib/armv7-m/libg_nano.a(lib_a-strncmp.o)
 .ARM.attributes
                0x0000094d       0x2d /home/yangliu/Library/gcc-arm-none-eabi-5_4-2016q3/bin/../lib/gcc/arm-none-eabi/5.4.1/../../../../arm-none-eabi/lib/armv7-m/libg_nano.a(lib_a-wbuf.o)
 .ARM.attributes
                0x0000097a       0x2d /home/yangliu/Library/gcc-arm-none-eabi-5_4-2016q3/bin/../lib/gcc/arm-none-eabi/5.4.1/../../../../arm-none-eabi/lib/armv7-m/libg_nano.a(lib_a-writer.o)
 .ARM.attributes
                0x000009a7       0x2d /home/yangliu/Library/gcc-arm-none-eabi-5_4-2016q3/bin/../lib/gcc/arm-none-eabi/5.4.1/../../../../arm-none-eabi/lib/armv7-m/libg_nano.a(lib_a-wsetup.o)
 .ARM.attributes
                0x000009d4       0x2d /home/yangliu/Library/gcc-arm-none-eabi-5_4-2016q3/bin/../lib/gcc/arm-none-eabi/5.4.1/../../../../arm-none-eabi/lib/armv7-m/libg_nano.a(lib_a-closer.o)
 .ARM.attributes
                0x00000a01       0x2d /home/yangliu/Library/gcc-arm-none-eabi-5_4-2016q3/bin/../lib/gcc/arm-none-eabi/5.4.1/../../../../arm-none-eabi/lib/armv7-m/libg_nano.a(lib_a-lseekr.o)
 .ARM.attributes
                0x00000a2e       0x2d /home/yangliu/Library/gcc-arm-none-eabi-5_4-2016q3/bin/../lib/gcc/arm-none-eabi/5.4.1/../../../../arm-none-eabi/lib/armv7-m/libg_nano.a(lib_a-makebuf.o)
 .ARM.attributes
                0x00000a5b       0x2d /home/yangliu/Library/gcc-arm-none-eabi-5_4-2016q3/bin/../lib/gcc/arm-none-eabi/5.4.1/../../../../arm-none-eabi/lib/armv7-m/libg_nano.a(lib_a-mlock.o)
 .ARM.attributes
                0x00000a88       0x2d /home/yangliu/Library/gcc-arm-none-eabi-5_4-2016q3/bin/../lib/gcc/arm-none-eabi/5.4.1/../../../../arm-none-eabi/lib/armv7-m/libg_nano.a(lib_a-nano-svfprintf.o)
 .ARM.attributes
                0x00000ab5       0x2d /home/yangliu/Library/gcc-arm-none-eabi-5_4-2016q3/bin/../lib/gcc/arm-none-eabi/5.4.1/../../../../arm-none-eabi/lib/armv7-m/libg_nano.a(lib_a-nano-vfprintf.o)
 .ARM.attributes
                0x00000ae2       0x2d /home/yangliu/Library/gcc-arm-none-eabi-5_4-2016q3/bin/../lib/gcc/arm-none-eabi/5.4.1/../../../../arm-none-eabi/lib/armv7-m/libg_nano.a(lib_a-nano-vfprintf_i.o)
 .ARM.attributes
                0x00000b0f       0x2d /home/yangliu/Library/gcc-arm-none-eabi-5_4-2016q3/bin/../lib/gcc/arm-none-eabi/5.4.1/../../../../arm-none-eabi/lib/armv7-m/libg_nano.a(lib_a-putc.o)
 .ARM.attributes
                0x00000b3c       0x2d /home/yangliu/Library/gcc-arm-none-eabi-5_4-2016q3/bin/../lib/gcc/arm-none-eabi/5.4.1/../../../../arm-none-eabi/lib/armv7-m/libg_nano.a(lib_a-readr.o)
 .ARM.attributes
                0x00000b69       0x2d /home/yangliu/Library/gcc-arm-none-eabi-5_4-2016q3/bin/../lib/gcc/arm-none-eabi/5.4.1/../../../../arm-none-eabi/lib/armv7-m/libg_nano.a(lib_a-reent.o)
 .ARM.attributes
                0x00000b96       0x2d /home/yangliu/Library/gcc-arm-none-eabi-5_4-2016q3/bin/../lib/gcc/arm-none-eabi/5.4.1/../../../../arm-none-eabi/lib/armv7-m/libg_nano.a(lib_a-fstatr.o)
 .ARM.attributes
                0x00000bc3       0x2d /home/yangliu/Library/gcc-arm-none-eabi-5_4-2016q3/bin/../lib/gcc/arm-none-eabi/5.4.1/../../../../arm-none-eabi/lib/armv7-m/libg_nano.a(lib_a-isattyr.o)
 .ARM.attributes
                0x00000bf0       0x2d /home/yangliu/Library/gcc-arm-none-eabi-5_4-2016q3/bin/../lib/gcc/arm-none-eabi/5.4.1/../../../../arm-none-eabi/lib/armv7-m/libg_nano.a(lib_a-memchr-stub.o)
 .ARM.attributes
                0x00000c1d       0x2d /home/yangliu/Library/gcc-arm-none-eabi-5_4-2016q3/bin/../lib/gcc/arm-none-eabi/5.4.1/../../../../arm-none-eabi/lib/armv7-m/libg_nano.a(lib_a-memmove.o)
 .ARM.attributes
                0x00000c4a       0x2d /home/yangliu/Library/gcc-arm-none-eabi-5_4-2016q3/bin/../lib/gcc/arm-none-eabi/5.4.1/../../../../arm-none-eabi/lib/armv7-m/libg_nano.a(lib_a-nano-reallocr.o)
 .ARM.attributes
                0x00000c77       0x2d /home/yangliu/Library/gcc-arm-none-eabi-5_4-2016q3/bin/../lib/gcc/arm-none-eabi/5.4.1/../../../../arm-none-eabi/lib/armv7-m/libg_nano.a(lib_a-nano-msizer.o)
 .ARM.attributes
                0x00000ca4       0x1d /home/yangliu/Library/gcc-arm-none-eabi-5_4-2016q3/bin/../lib/gcc/arm-none-eabi/5.4.1/armv7-m/crtn.o
OUTPUT(GreenGuarder.elf elf32-littlearm)

.debug_line     0x00000000     0x5d6e
 .debug_line    0x00000000       0x7d ./startup/startup_stm32f103xb.o
 .debug_line    0x0000007d      0x1b1 ./Src/hardware.o
 .debug_line    0x0000022e       0x61 ./Src/main.o
 .debug_line    0x0000028f      0x124 ./Src/stm32f1xx_hal_msp.o
 .debug_line    0x000003b3       0xce ./Src/stm32f1xx_hal_timebase_TIM.o
 .debug_line    0x00000481       0xf1 ./Src/stm32f1xx_it.o
 .debug_line    0x00000572       0x89 ./Src/system_stm32f1xx.o
 .debug_line    0x000005fb      0x18a ./Middlewares/Third_Party/FreeRTOS/Source/portable/MemMang/heap_4.o
 .debug_line    0x00000785      0x1ed ./Middlewares/Third_Party/FreeRTOS/Source/portable/GCC/ARM_CM3/port.o
 .debug_line    0x00000972      0x62f ./Middlewares/Third_Party/FreeRTOS/Source/CMSIS_RTOS/cmsis_os.o
 .debug_line    0x00000fa1       0xd8 ./Middlewares/Third_Party/FreeRTOS/Source/list.o
 .debug_line    0x00001079      0xa90 ./Middlewares/Third_Party/FreeRTOS/Source/tasks.o
 .debug_line    0x00001b09      0x1f5 ./Drivers/STM32F1xx_HAL_Driver/Src/stm32f1xx_hal.o
 .debug_line    0x00001cfe      0x338 ./Drivers/STM32F1xx_HAL_Driver/Src/stm32f1xx_hal_cortex.o
 .debug_line    0x00002036      0x629 ./Drivers/STM32F1xx_HAL_Driver/Src/stm32f1xx_hal_dma.o
 .debug_line    0x0000265f      0x24b ./Drivers/STM32F1xx_HAL_Driver/Src/stm32f1xx_hal_gpio.o
 .debug_line    0x000028aa      0x114 ./Drivers/STM32F1xx_HAL_Driver/Src/stm32f1xx_hal_iwdg.o
 .debug_line    0x000029be      0x938 ./Drivers/STM32F1xx_HAL_Driver/Src/stm32f1xx_hal_rcc.o
 .debug_line    0x000032f6      0x887 ./Drivers/STM32F1xx_HAL_Driver/Src/stm32f1xx_hal_spi.o
 .debug_line    0x00003b7d       0x93 ./Drivers/STM32F1xx_HAL_Driver/Src/stm32f1xx_hal_spi_ex.o
 .debug_line    0x00003c10      0xfd3 ./Drivers/STM32F1xx_HAL_Driver/Src/stm32f1xx_hal_tim.o
 .debug_line    0x00004be3      0x5f2 ./Drivers/STM32F1xx_HAL_Driver/Src/stm32f1xx_hal_tim_ex.o
 .debug_line    0x000051d5      0x6b5 ./Drivers/STM32F1xx_HAL_Driver/Src/stm32f1xx_hal_uart.o
 .debug_line    0x0000588a       0x50 ./Drivers/BSP/BSP.o
 .debug_line    0x000058da      0x187 ./Drivers/BSP/console.o
 .debug_line    0x00005a61      0x1ab ./Drivers/BSP/enc28j60.o
 .debug_line    0x00005c0c       0x53 ./APP/app.o
 .debug_line    0x00005c5f       0x58 ./APP/light.o
 .debug_line    0x00005cb7       0xb7 ./APP/usart_cmd.o

.debug_info     0x00000000     0x2d45
 .debug_info    0x00000000       0x70 ./startup/startup_stm32f103xb.o
 .debug_info    0x00000070      0x11a ./Src/hardware.o
 .debug_info    0x0000018a       0x48 ./Src/main.o
 .debug_info    0x000001d2       0x9e ./Src/stm32f1xx_hal_msp.o
 .debug_info    0x00000270       0x8c ./Src/stm32f1xx_hal_timebase_TIM.o
 .debug_info    0x000002fc       0xd0 ./Src/stm32f1xx_it.o
 .debug_info    0x000003cc       0x49 ./Src/system_stm32f1xx.o
 .debug_info    0x00000415       0xa3 ./Middlewares/Third_Party/FreeRTOS/Source/portable/MemMang/heap_4.o
 .debug_info    0x000004b8      0x131 ./Middlewares/Third_Party/FreeRTOS/Source/portable/GCC/ARM_CM3/port.o
 .debug_info    0x000005e9      0x3ce ./Middlewares/Third_Party/FreeRTOS/Source/CMSIS_RTOS/cmsis_os.o
 .debug_info    0x000009b7       0x7b ./Middlewares/Third_Party/FreeRTOS/Source/list.o
 .debug_info    0x00000a32      0x40f ./Middlewares/Third_Party/FreeRTOS/Source/tasks.o
 .debug_info    0x00000e41      0x195 ./Drivers/STM32F1xx_HAL_Driver/Src/stm32f1xx_hal.o
 .debug_info    0x00000fd6      0x273 ./Drivers/STM32F1xx_HAL_Driver/Src/stm32f1xx_hal_cortex.o
 .debug_info    0x00001249       0xd8 ./Drivers/STM32F1xx_HAL_Driver/Src/stm32f1xx_hal_dma.o
 .debug_info    0x00001321       0xb5 ./Drivers/STM32F1xx_HAL_Driver/Src/stm32f1xx_hal_gpio.o
 .debug_info    0x000013d6       0x7d ./Drivers/STM32F1xx_HAL_Driver/Src/stm32f1xx_hal_iwdg.o
 .debug_info    0x00001453      0x576 ./Drivers/STM32F1xx_HAL_Driver/Src/stm32f1xx_hal_rcc.o
 .debug_info    0x000019c9      0x2f5 ./Drivers/STM32F1xx_HAL_Driver/Src/stm32f1xx_hal_spi.o
 .debug_info    0x00001cbe       0x48 ./Drivers/STM32F1xx_HAL_Driver/Src/stm32f1xx_hal_spi_ex.o
 .debug_info    0x00001d06      0x798 ./Drivers/STM32F1xx_HAL_Driver/Src/stm32f1xx_hal_tim.o
 .debug_info    0x0000249e      0x2ac ./Drivers/STM32F1xx_HAL_Driver/Src/stm32f1xx_hal_tim_ex.o
 .debug_info    0x0000274a      0x2e3 ./Drivers/STM32F1xx_HAL_Driver/Src/stm32f1xx_hal_uart.o
 .debug_info    0x00002a2d       0x37 ./Drivers/BSP/BSP.o
 .debug_info    0x00002a64       0xe1 ./Drivers/BSP/console.o
 .debug_info    0x00002b45      0x106 ./Drivers/BSP/enc28j60.o
 .debug_info    0x00002c4b       0x48 ./APP/app.o
 .debug_info    0x00002c93       0x48 ./APP/light.o
 .debug_info    0x00002cdb       0x6a ./APP/usart_cmd.o

.debug_abbrev   0x00000000      0xaac
 .debug_abbrev  0x00000000       0x12 ./startup/startup_stm32f103xb.o
 .debug_abbrev  0x00000012       0x68 ./Src/hardware.o
 .debug_abbrev  0x0000007a       0x2a ./Src/main.o
 .debug_abbrev  0x000000a4       0x56 ./Src/stm32f1xx_hal_msp.o
 .debug_abbrev  0x000000fa       0x40 ./Src/stm32f1xx_hal_timebase_TIM.o
 .debug_abbrev  0x0000013a       0x40 ./Src/stm32f1xx_it.o
 .debug_abbrev  0x0000017a       0x40 ./Src/system_stm32f1xx.o
 .debug_abbrev  0x000001ba       0x6a ./Middlewares/Third_Party/FreeRTOS/Source/portable/MemMang/heap_4.o
 .debug_abbrev  0x00000224       0x7e ./Middlewares/Third_Party/FreeRTOS/Source/portable/GCC/ARM_CM3/port.o
 .debug_abbrev  0x000002a2       0x9c ./Middlewares/Third_Party/FreeRTOS/Source/CMSIS_RTOS/cmsis_os.o
 .debug_abbrev  0x0000033e       0x2a ./Middlewares/Third_Party/FreeRTOS/Source/list.o
 .debug_abbrev  0x00000368       0x9c ./Middlewares/Third_Party/FreeRTOS/Source/tasks.o
 .debug_abbrev  0x00000404       0xa0 ./Drivers/STM32F1xx_HAL_Driver/Src/stm32f1xx_hal.o
 .debug_abbrev  0x000004a4       0xb0 ./Drivers/STM32F1xx_HAL_Driver/Src/stm32f1xx_hal_cortex.o
 .debug_abbrev  0x00000554       0x6a ./Drivers/STM32F1xx_HAL_Driver/Src/stm32f1xx_hal_dma.o
 .debug_abbrev  0x000005be       0x56 ./Drivers/STM32F1xx_HAL_Driver/Src/stm32f1xx_hal_gpio.o
 .debug_abbrev  0x00000614       0x6c ./Drivers/STM32F1xx_HAL_Driver/Src/stm32f1xx_hal_iwdg.o
 .debug_abbrev  0x00000680       0xb3 ./Drivers/STM32F1xx_HAL_Driver/Src/stm32f1xx_hal_rcc.o
 .debug_abbrev  0x00000733       0x6a ./Drivers/STM32F1xx_HAL_Driver/Src/stm32f1xx_hal_spi.o
 .debug_abbrev  0x0000079d       0x40 ./Drivers/STM32F1xx_HAL_Driver/Src/stm32f1xx_hal_spi_ex.o
 .debug_abbrev  0x000007dd       0x7e ./Drivers/STM32F1xx_HAL_Driver/Src/stm32f1xx_hal_tim.o
 .debug_abbrev  0x0000085b       0x6a ./Drivers/STM32F1xx_HAL_Driver/Src/stm32f1xx_hal_tim_ex.o
 .debug_abbrev  0x000008c5       0x7e ./Drivers/STM32F1xx_HAL_Driver/Src/stm32f1xx_hal_uart.o
 .debug_abbrev  0x00000943       0x2a ./Drivers/BSP/BSP.o
 .debug_abbrev  0x0000096d       0x59 ./Drivers/BSP/console.o
 .debug_abbrev  0x000009c6       0x40 ./Drivers/BSP/enc28j60.o
 .debug_abbrev  0x00000a06       0x3e ./APP/app.o
 .debug_abbrev  0x00000a44       0x2a ./APP/light.o
 .debug_abbrev  0x00000a6e       0x3e ./APP/usart_cmd.o

.debug_aranges  0x00000000     0x12d8
 .debug_aranges
                0x00000000       0x28 ./startup/startup_stm32f103xb.o
 .debug_aranges
                0x00000028       0x88 ./Src/hardware.o
 .debug_aranges
                0x000000b0       0x28 ./Src/main.o
 .debug_aranges
                0x000000d8       0x50 ./Src/stm32f1xx_hal_msp.o
 .debug_aranges
                0x00000128       0x48 ./Src/stm32f1xx_hal_timebase_TIM.o
 .debug_aranges
                0x00000170       0x68 ./Src/stm32f1xx_it.o
 .debug_aranges
                0x000001d8       0x28 ./Src/system_stm32f1xx.o
 .debug_aranges
                0x00000200       0x50 ./Middlewares/Third_Party/FreeRTOS/Source/portable/MemMang/heap_4.o
 .debug_aranges
                0x00000250       0x90 ./Middlewares/Third_Party/FreeRTOS/Source/portable/GCC/ARM_CM3/port.o
 .debug_aranges
                0x000002e0      0x1b0 ./Middlewares/Third_Party/FreeRTOS/Source/CMSIS_RTOS/cmsis_os.o
 .debug_aranges
                0x00000490       0x40 ./Middlewares/Third_Party/FreeRTOS/Source/list.o
 .debug_aranges
                0x000004d0      0x1c8 ./Middlewares/Third_Party/FreeRTOS/Source/tasks.o
 .debug_aranges
                0x00000698       0xb0 ./Drivers/STM32F1xx_HAL_Driver/Src/stm32f1xx_hal.o
 .debug_aranges
                0x00000748      0x100 ./Drivers/STM32F1xx_HAL_Driver/Src/stm32f1xx_hal_cortex.o
 .debug_aranges
                0x00000848       0x68 ./Drivers/STM32F1xx_HAL_Driver/Src/stm32f1xx_hal_dma.o
 .debug_aranges
                0x000008b0       0x58 ./Drivers/STM32F1xx_HAL_Driver/Src/stm32f1xx_hal_gpio.o
 .debug_aranges
                0x00000908       0x40 ./Drivers/STM32F1xx_HAL_Driver/Src/stm32f1xx_hal_iwdg.o
 .debug_aranges
                0x00000948       0x88 ./Drivers/STM32F1xx_HAL_Driver/Src/stm32f1xx_hal_rcc.o
 .debug_aranges
                0x000009d0      0x158 ./Drivers/STM32F1xx_HAL_Driver/Src/stm32f1xx_hal_spi.o
 .debug_aranges
                0x00000b28       0x28 ./Drivers/STM32F1xx_HAL_Driver/Src/stm32f1xx_hal_spi_ex.o
 .debug_aranges
                0x00000b50      0x368 ./Drivers/STM32F1xx_HAL_Driver/Src/stm32f1xx_hal_tim.o
 .debug_aranges
                0x00000eb8      0x138 ./Drivers/STM32F1xx_HAL_Driver/Src/stm32f1xx_hal_tim_ex.o
 .debug_aranges
                0x00000ff0      0x150 ./Drivers/STM32F1xx_HAL_Driver/Src/stm32f1xx_hal_uart.o
 .debug_aranges
                0x00001140       0x20 ./Drivers/BSP/BSP.o
 .debug_aranges
                0x00001160       0x70 ./Drivers/BSP/console.o
 .debug_aranges
                0x000011d0       0x80 ./Drivers/BSP/enc28j60.o
 .debug_aranges
                0x00001250       0x28 ./APP/app.o
 .debug_aranges
                0x00001278       0x28 ./APP/light.o
 .debug_aranges
                0x000012a0       0x38 ./APP/usart_cmd.o

.debug_ranges   0x00000000     0x1110
 .debug_ranges  0x00000000       0x20 ./startup/startup_stm32f103xb.o
 .debug_ranges  0x00000020       0x78 ./Src/hardware.o
 .debug_ranges  0x00000098       0x18 ./Src/main.o
 .debug_ranges  0x000000b0       0x40 ./Src/stm32f1xx_hal_msp.o
 .debug_ranges  0x000000f0       0x38 ./Src/stm32f1xx_hal_timebase_TIM.o
 .debug_ranges  0x00000128       0x58 ./Src/stm32f1xx_it.o
 .debug_ranges  0x00000180       0x18 ./Src/system_stm32f1xx.o
 .debug_ranges  0x00000198       0x40 ./Middlewares/Third_Party/FreeRTOS/Source/portable/MemMang/heap_4.o
 .debug_ranges  0x000001d8       0x80 ./Middlewares/Third_Party/FreeRTOS/Source/portable/GCC/ARM_CM3/port.o
 .debug_ranges  0x00000258      0x1a0 ./Middlewares/Third_Party/FreeRTOS/Source/CMSIS_RTOS/cmsis_os.o
 .debug_ranges  0x000003f8       0x30 ./Middlewares/Third_Party/FreeRTOS/Source/list.o
 .debug_ranges  0x00000428      0x1b8 ./Middlewares/Third_Party/FreeRTOS/Source/tasks.o
 .debug_ranges  0x000005e0       0xa0 ./Drivers/STM32F1xx_HAL_Driver/Src/stm32f1xx_hal.o
 .debug_ranges  0x00000680       0xf0 ./Drivers/STM32F1xx_HAL_Driver/Src/stm32f1xx_hal_cortex.o
 .debug_ranges  0x00000770       0x58 ./Drivers/STM32F1xx_HAL_Driver/Src/stm32f1xx_hal_dma.o
 .debug_ranges  0x000007c8       0x48 ./Drivers/STM32F1xx_HAL_Driver/Src/stm32f1xx_hal_gpio.o
 .debug_ranges  0x00000810       0x30 ./Drivers/STM32F1xx_HAL_Driver/Src/stm32f1xx_hal_iwdg.o
 .debug_ranges  0x00000840       0x78 ./Drivers/STM32F1xx_HAL_Driver/Src/stm32f1xx_hal_rcc.o
 .debug_ranges  0x000008b8      0x148 ./Drivers/STM32F1xx_HAL_Driver/Src/stm32f1xx_hal_spi.o
 .debug_ranges  0x00000a00       0x18 ./Drivers/STM32F1xx_HAL_Driver/Src/stm32f1xx_hal_spi_ex.o
 .debug_ranges  0x00000a18      0x358 ./Drivers/STM32F1xx_HAL_Driver/Src/stm32f1xx_hal_tim.o
 .debug_ranges  0x00000d70      0x128 ./Drivers/STM32F1xx_HAL_Driver/Src/stm32f1xx_hal_tim_ex.o
 .debug_ranges  0x00000e98      0x140 ./Drivers/STM32F1xx_HAL_Driver/Src/stm32f1xx_hal_uart.o
 .debug_ranges  0x00000fd8       0x10 ./Drivers/BSP/BSP.o
 .debug_ranges  0x00000fe8       0x60 ./Drivers/BSP/console.o
 .debug_ranges  0x00001048       0x70 ./Drivers/BSP/enc28j60.o
 .debug_ranges  0x000010b8       0x18 ./APP/app.o
 .debug_ranges  0x000010d0       0x18 ./APP/light.o
 .debug_ranges  0x000010e8       0x28 ./APP/usart_cmd.o

.debug_str      0x00000000     0x2ba5
 .debug_str     0x00000000      0x1cf ./Src/hardware.o
 .debug_str     0x000001cf       0x24 ./Src/main.o
                                0x119 (size before relaxing)
 .debug_str     0x000001f3       0x99 ./Src/stm32f1xx_hal_msp.o
                                0x18e (size before relaxing)
 .debug_str     0x0000028c       0xa6 ./Src/stm32f1xx_hal_timebase_TIM.o
                                0x19b (size before relaxing)
 .debug_str     0x00000332       0xc6 ./Src/stm32f1xx_it.o
                                0x1bb (size before relaxing)
 .debug_str     0x000003f8       0x3b ./Src/system_stm32f1xx.o
                                0x130 (size before relaxing)
 .debug_str     0x00000433       0xce ./Middlewares/Third_Party/FreeRTOS/Source/portable/MemMang/heap_4.o
                                0x1c3 (size before relaxing)
 .debug_str     0x00000501      0x170 ./Middlewares/Third_Party/FreeRTOS/Source/portable/GCC/ARM_CM3/port.o
                                0x265 (size before relaxing)
 .debug_str     0x00000671      0x349 ./Middlewares/Third_Party/FreeRTOS/Source/CMSIS_RTOS/cmsis_os.o
                                0x43e (size before relaxing)
 .debug_str     0x000009ba       0x7e ./Middlewares/Third_Party/FreeRTOS/Source/list.o
                                0x173 (size before relaxing)
 .debug_str     0x00000a38      0x4c0 ./Middlewares/Third_Party/FreeRTOS/Source/tasks.o
                                0x5b5 (size before relaxing)
 .debug_str     0x00000ef8      0x164 ./Drivers/STM32F1xx_HAL_Driver/Src/stm32f1xx_hal.o
                                0x291 (size before relaxing)
 .debug_str     0x0000105c      0x1d3 ./Drivers/STM32F1xx_HAL_Driver/Src/stm32f1xx_hal_cortex.o
                                0x396 (size before relaxing)
 .debug_str     0x0000122f       0xdc ./Drivers/STM32F1xx_HAL_Driver/Src/stm32f1xx_hal_dma.o
                                0x1d1 (size before relaxing)
 .debug_str     0x0000130b       0xce ./Drivers/STM32F1xx_HAL_Driver/Src/stm32f1xx_hal_gpio.o
                                0x1c3 (size before relaxing)
 .debug_str     0x000013d9       0x8a ./Drivers/STM32F1xx_HAL_Driver/Src/stm32f1xx_hal_iwdg.o
                                0x17f (size before relaxing)
 .debug_str     0x00001463      0x151 ./Drivers/STM32F1xx_HAL_Driver/Src/stm32f1xx_hal_rcc.o
                                0x24d (size before relaxing)
 .debug_str     0x000015b4      0x348 ./Drivers/STM32F1xx_HAL_Driver/Src/stm32f1xx_hal_spi.o
                                0x45f (size before relaxing)
 .debug_str     0x000018fc       0x3b ./Drivers/STM32F1xx_HAL_Driver/Src/stm32f1xx_hal_spi_ex.o
                                0x151 (size before relaxing)
 .debug_str     0x00001937      0x90a ./Drivers/STM32F1xx_HAL_Driver/Src/stm32f1xx_hal_tim.o
                                0xa49 (size before relaxing)
 .debug_str     0x00002241      0x400 ./Drivers/STM32F1xx_HAL_Driver/Src/stm32f1xx_hal_tim_ex.o
                                0x4f5 (size before relaxing)
 .debug_str     0x00002641      0x322 ./Drivers/STM32F1xx_HAL_Driver/Src/stm32f1xx_hal_uart.o
                                0x45c (size before relaxing)
 .debug_str     0x00002963       0x1e ./Drivers/BSP/BSP.o
                                0x113 (size before relaxing)
 .debug_str     0x00002981       0x6d ./Drivers/BSP/console.o
                                0x162 (size before relaxing)
 .debug_str     0x000029ee      0x102 ./Drivers/BSP/enc28j60.o
                                0x1f7 (size before relaxing)
 .debug_str     0x00002af0       0x32 ./APP/app.o
                                0x127 (size before relaxing)
 .debug_str     0x00002b22       0x2f ./APP/light.o
                                0x124 (size before relaxing)
 .debug_str     0x00002b51       0x54 ./APP/usart_cmd.o
                                0x149 (size before relaxing)

.comment        0x00000000       0x6e
 .comment       0x00000000       0x6e ./Src/hardware.o
                                 0x6f (size before relaxing)
 .comment       0x0000006e       0x6f ./Src/main.o
 .comment       0x0000006e       0x6f ./Src/stm32f1xx_hal_msp.o
 .comment       0x0000006e       0x6f ./Src/stm32f1xx_hal_timebase_TIM.o
 .comment       0x0000006e       0x6f ./Src/stm32f1xx_it.o
 .comment       0x0000006e       0x6f ./Src/system_stm32f1xx.o
 .comment       0x0000006e       0x6f ./Middlewares/Third_Party/FreeRTOS/Source/portable/MemMang/heap_4.o
 .comment       0x0000006e       0x6f ./Middlewares/Third_Party/FreeRTOS/Source/portable/GCC/ARM_CM3/port.o
 .comment       0x0000006e       0x6f ./Middlewares/Third_Party/FreeRTOS/Source/CMSIS_RTOS/cmsis_os.o
 .comment       0x0000006e       0x6f ./Middlewares/Third_Party/FreeRTOS/Source/list.o
 .comment       0x0000006e       0x6f ./Middlewares/Third_Party/FreeRTOS/Source/tasks.o
 .comment       0x0000006e       0x6f ./Drivers/STM32F1xx_HAL_Driver/Src/stm32f1xx_hal.o
 .comment       0x0000006e       0x6f ./Drivers/STM32F1xx_HAL_Driver/Src/stm32f1xx_hal_cortex.o
 .comment       0x0000006e       0x6f ./Drivers/STM32F1xx_HAL_Driver/Src/stm32f1xx_hal_dma.o
 .comment       0x0000006e       0x6f ./Drivers/STM32F1xx_HAL_Driver/Src/stm32f1xx_hal_gpio.o
 .comment       0x0000006e       0x6f ./Drivers/STM32F1xx_HAL_Driver/Src/stm32f1xx_hal_iwdg.o
 .comment       0x0000006e       0x6f ./Drivers/STM32F1xx_HAL_Driver/Src/stm32f1xx_hal_rcc.o
 .comment       0x0000006e       0x6f ./Drivers/STM32F1xx_HAL_Driver/Src/stm32f1xx_hal_spi.o
 .comment       0x0000006e       0x6f ./Drivers/STM32F1xx_HAL_Driver/Src/stm32f1xx_hal_spi_ex.o
 .comment       0x0000006e       0x6f ./Drivers/STM32F1xx_HAL_Driver/Src/stm32f1xx_hal_tim.o
 .comment       0x0000006e       0x6f ./Drivers/STM32F1xx_HAL_Driver/Src/stm32f1xx_hal_tim_ex.o
 .comment       0x0000006e       0x6f ./Drivers/STM32F1xx_HAL_Driver/Src/stm32f1xx_hal_uart.o
 .comment       0x0000006e       0x6f ./Drivers/BSP/BSP.o
 .comment       0x0000006e       0x6f ./Drivers/BSP/console.o
 .comment       0x0000006e       0x6f ./Drivers/BSP/enc28j60.o
 .comment       0x0000006e       0x6f ./APP/app.o
 .comment       0x0000006e       0x6f ./APP/light.o
 .comment       0x0000006e       0x6f ./APP/usart_cmd.o

.debug_frame    0x00000000     0x5490
 .debug_frame   0x00000000      0x1c4 ./Src/hardware.o
 .debug_frame   0x000001c4       0x54 ./Src/main.o
 .debug_frame   0x00000218      0x110 ./Src/stm32f1xx_hal_msp.o
 .debug_frame   0x00000328       0xe4 ./Src/stm32f1xx_hal_timebase_TIM.o
 .debug_frame   0x0000040c      0x120 ./Src/stm32f1xx_it.o
 .debug_frame   0x0000052c       0x58 ./Src/system_stm32f1xx.o
 .debug_frame   0x00000584      0x108 ./Middlewares/Third_Party/FreeRTOS/Source/portable/MemMang/heap_4.o
 .debug_frame   0x0000068c      0x19c ./Middlewares/Third_Party/FreeRTOS/Source/portable/GCC/ARM_CM3/port.o
 .debug_frame   0x00000828      0x748 ./Middlewares/Third_Party/FreeRTOS/Source/CMSIS_RTOS/cmsis_os.o
 .debug_frame   0x00000f70       0xd8 ./Middlewares/Third_Party/FreeRTOS/Source/list.o
 .debug_frame   0x00001048      0x7b8 ./Middlewares/Third_Party/FreeRTOS/Source/tasks.o
 .debug_frame   0x00001800      0x278 ./Drivers/STM32F1xx_HAL_Driver/Src/stm32f1xx_hal.o
 .debug_frame   0x00001a78      0x428 ./Drivers/STM32F1xx_HAL_Driver/Src/stm32f1xx_hal_cortex.o
 .debug_frame   0x00001ea0      0x194 ./Drivers/STM32F1xx_HAL_Driver/Src/stm32f1xx_hal_dma.o
 .debug_frame   0x00002034      0x14c ./Drivers/STM32F1xx_HAL_Driver/Src/stm32f1xx_hal_gpio.o
 .debug_frame   0x00002180       0xd0 ./Drivers/STM32F1xx_HAL_Driver/Src/stm32f1xx_hal_iwdg.o
 .debug_frame   0x00002250      0x21c ./Drivers/STM32F1xx_HAL_Driver/Src/stm32f1xx_hal_rcc.o
 .debug_frame   0x0000246c      0x5fc ./Drivers/STM32F1xx_HAL_Driver/Src/stm32f1xx_hal_spi.o
 .debug_frame   0x00002a68       0x5c ./Drivers/STM32F1xx_HAL_Driver/Src/stm32f1xx_hal_spi_ex.o
 .debug_frame   0x00002ac4      0xfb4 ./Drivers/STM32F1xx_HAL_Driver/Src/stm32f1xx_hal_tim.o
 .debug_frame   0x00003a78      0x54c ./Drivers/STM32F1xx_HAL_Driver/Src/stm32f1xx_hal_tim_ex.o
 .debug_frame   0x00003fc4      0x5e0 ./Drivers/STM32F1xx_HAL_Driver/Src/stm32f1xx_hal_uart.o
 .debug_frame   0x000045a4       0x2c ./Drivers/BSP/BSP.o
 .debug_frame   0x000045d0      0x1a4 ./Drivers/BSP/console.o
 .debug_frame   0x00004774      0x1d4 ./Drivers/BSP/enc28j60.o
 .debug_frame   0x00004948       0x50 ./APP/app.o
 .debug_frame   0x00004998       0x54 ./APP/light.o
 .debug_frame   0x000049ec       0x98 ./APP/usart_cmd.o